Archive member included to satisfy reference by file (symbol)

C:/msys32/home/kazu/esp/modem-demo-fx25/build/cxx\libcxx.a(cxx_exception_stubs.o)
                              (__cxx_fatal_exception)
C:/msys32/home/kazu/esp/modem-demo-fx25/build/cxx\libcxx.a(cxx_guards.o)
                              (__cxa_guard_dummy)
C:/msys32/home/kazu/esp/modem-demo-fx25/build/esp32\libesp32.a(cpu_start.o)
                              (call_start_cpu0)
C:/msys32/home/kazu/esp/modem-demo-fx25/build/esp32\libesp32.a(task_wdt.o)
                              C:/msys32/home/kazu/esp/modem-demo-fx25/build/esp32\libesp32.a(cpu_start.o) (esp_task_wdt_init)
C:/msys32/home/kazu/esp/modem-demo-fx25/build/esp32\libesp32.a(panic.o)
                              C:/msys32/home/kazu/esp/modem-demo-fx25/build/cxx\libcxx.a(cxx_exception_stubs.o) (abort)
C:/msys32/home/kazu/esp/modem-demo-fx25/build/esp32\libesp32.a(dport_panic_highint_hdl.o)
                              (ld_include_panic_highint_hdl)
C:/msys32/home/kazu/esp/modem-demo-fx25/build/esp32\libesp32.a(int_wdt.o)
                              C:/msys32/home/kazu/esp/modem-demo-fx25/build/esp32\libesp32.a(dport_panic_highint_hdl.o) (int_wdt_app_cpu_ticked)
C:/msys32/home/kazu/esp/modem-demo-fx25/build/esp32\libesp32.a(system_api.o)
                              C:/msys32/home/kazu/esp/modem-demo-fx25/build/esp32\libesp32.a(panic.o) (esp_restart_noos)
C:/msys32/home/kazu/esp/modem-demo-fx25/build/esp32\libesp32.a(dport_access.o)
                              C:/msys32/home/kazu/esp/modem-demo-fx25/build/esp32\libesp32.a(dport_panic_highint_hdl.o) (dport_access_start)
C:/msys32/home/kazu/esp/modem-demo-fx25/build/esp32\libesp32.a(esp_timer.o)
                              C:/msys32/home/kazu/esp/modem-demo-fx25/build/esp32\libesp32.a(cpu_start.o) (esp_timer_init)
C:/msys32/home/kazu/esp/modem-demo-fx25/build/esp32\libesp32.a(intr_alloc.o)
                              C:/msys32/home/kazu/esp/modem-demo-fx25/build/esp32\libesp32.a(task_wdt.o) (esp_intr_alloc)
C:/msys32/home/kazu/esp/modem-demo-fx25/build/esp32\libesp32.a(ipc.o)
                              C:/msys32/home/kazu/esp/modem-demo-fx25/build/esp32\libesp32.a(cpu_start.o) (esp_ipc_init)
C:/msys32/home/kazu/esp/modem-demo-fx25/build/esp32\libesp32.a(cache_err_int.o)
                              C:/msys32/home/kazu/esp/modem-demo-fx25/build/esp32\libesp32.a(cpu_start.o) (esp_cache_err_int_init)
C:/msys32/home/kazu/esp/modem-demo-fx25/build/esp32\libesp32.a(freertos_hooks.o)
                              C:/msys32/home/kazu/esp/modem-demo-fx25/build/esp32\libesp32.a(task_wdt.o) (esp_register_freertos_idle_hook_for_cpu)
C:/msys32/home/kazu/esp/modem-demo-fx25/build/esp32\libesp32.a(clk.o)
                              C:/msys32/home/kazu/esp/modem-demo-fx25/build/esp32\libesp32.a(cpu_start.o) (esp_clk_init)
C:/msys32/home/kazu/esp/modem-demo-fx25/build/esp32\libesp32.a(esp_timer_esp32.o)
                              C:/msys32/home/kazu/esp/modem-demo-fx25/build/esp32\libesp32.a(esp_timer.o) (esp_timer_impl_get_time)
C:/msys32/home/kazu/esp/modem-demo-fx25/build/esp32\libesp32.a(crosscore_int.o)
                              C:/msys32/home/kazu/esp/modem-demo-fx25/build/esp32\libesp32.a(cpu_start.o) (esp_crosscore_int_init)
C:/msys32/home/kazu/esp/esp-idf/components/esp32/libhal.a(int_asm--set_intclear.o)
                              C:/msys32/home/kazu/esp/modem-demo-fx25/build/esp32\libesp32.a(intr_alloc.o) (xthal_set_intclear)
C:/msys32/home/kazu/esp/modem-demo-fx25/build/freertos\libfreertos.a(FreeRTOS-openocd.o)
                              (uxTopUsedPriority)
C:/msys32/home/kazu/esp/modem-demo-fx25/build/freertos\libfreertos.a(tasks.o)
                              C:/msys32/home/kazu/esp/modem-demo-fx25/build/esp32\libesp32.a(system_api.o) (vTaskSuspendAll)
C:/msys32/home/kazu/esp/modem-demo-fx25/build/freertos\libfreertos.a(port.o)
                              C:/msys32/home/kazu/esp/modem-demo-fx25/build/freertos\libfreertos.a(tasks.o) (pxPortInitialiseStack)
C:/msys32/home/kazu/esp/modem-demo-fx25/build/freertos\libfreertos.a(xtensa_init.o)
                              C:/msys32/home/kazu/esp/modem-demo-fx25/build/freertos\libfreertos.a(port.o) (_xt_tick_divisor_init)
C:/msys32/home/kazu/esp/modem-demo-fx25/build/freertos\libfreertos.a(list.o)
                              C:/msys32/home/kazu/esp/modem-demo-fx25/build/freertos\libfreertos.a(tasks.o) (vListInitialise)
C:/msys32/home/kazu/esp/modem-demo-fx25/build/freertos\libfreertos.a(queue.o)
                              C:/msys32/home/kazu/esp/modem-demo-fx25/build/esp32\libesp32.a(ipc.o) (xQueueGenericCreate)
C:/msys32/home/kazu/esp/modem-demo-fx25/build/freertos\libfreertos.a(xtensa_intr.o)
                              C:/msys32/home/kazu/esp/modem-demo-fx25/build/esp32\libesp32.a(intr_alloc.o) (xt_unhandled_interrupt)
C:/msys32/home/kazu/esp/modem-demo-fx25/build/freertos\libfreertos.a(portasm.o)
[...]
Memory Configuration

Name             Origin             Length             Attributes
iram0_0_seg      0x40080000         0x00020000         xr
iram0_2_seg      0x400d0018         0x0032ffe8         xr
dram0_0_seg      0x3ffb0000         0x0002c200         rw
drom0_0_seg      0x3f400018         0x003fffe8         r
rtc_iram_seg     0x400c0000         0x00002000         xrw
rtc_slow_seg     0x50000000         0x00001000         rw
*default*        0x00000000         0xffffffff

Linker script and memory map

START GROUP
LOAD C:/msys32/home/kazu/esp/modem-demo-fx25/build/app_trace\libapp_trace.a
LOAD C:/msys32/home/kazu/esp/modem-demo-fx25/build/app_update\libapp_update.a
LOAD C:/msys32/home/kazu/esp/modem-demo-fx25/build/bootloader_support\libbootloader_support.a
LOAD C:/msys32/home/kazu/esp/modem-demo-fx25/build/bt\libbt.a
LOAD C:/msys32/home/kazu/esp/modem-demo-fx25/build/coap\libcoap.a
LOAD C:/msys32/home/kazu/esp/modem-demo-fx25/build/console\libconsole.a
LOAD C:/msys32/home/kazu/esp/modem-demo-fx25/build/cxx\libcxx.a
LOAD C:/msys32/home/kazu/esp/modem-demo-fx25/build/driver\libdriver.a
LOAD C:/msys32/home/kazu/esp/modem-demo-fx25/build/esp32\libesp32.a
LOAD C:/msys32/home/kazu/esp/esp-idf/components/esp32/libhal.a
LOAD C:/msys32/home/kazu/esp/esp-idf/components/esp32/lib\libcore.a
LOAD C:/msys32/home/kazu/esp/esp-idf/components/esp32/lib\librtc.a
LOAD C:/msys32/home/kazu/esp/esp-idf/components/esp32/lib\libnet80211.a
LOAD C:/msys32/home/kazu/esp/esp-idf/components/esp32/lib\libpp.a
LOAD C:/msys32/home/kazu/esp/esp-idf/components/esp32/lib\libwpa.a
LOAD C:/msys32/home/kazu/esp/esp-idf/components/esp32/lib\libsmartconfig.a
LOAD C:/msys32/home/kazu/esp/esp-idf/components/esp32/lib\libcoexist.a
LOAD C:/msys32/home/kazu/esp/esp-idf/components/esp32/lib\libwps.a
LOAD C:/msys32/home/kazu/esp/esp-idf/components/esp32/lib\libwpa2.a
LOAD C:/msys32/home/kazu/esp/esp-idf/components/esp32/lib\libespnow.a
LOAD C:/msys32/home/kazu/esp/esp-idf/components/esp32/lib\libphy.a
LOAD C:/msys32/home/kazu/esp/modem-demo-fx25/build/esp_adc_cal\libesp_adc_cal.a
LOAD C:/msys32/home/kazu/esp/modem-demo-fx25/build/ethernet\libethernet.a
LOAD C:/msys32/home/kazu/esp/modem-demo-fx25/build/expat\libexpat.a
LOAD C:/msys32/home/kazu/esp/modem-demo-fx25/build/fatfs\libfatfs.a
LOAD C:/msys32/home/kazu/esp/modem-demo-fx25/build/freertos\libfreertos.a
LOAD C:/msys32/home/kazu/esp/modem-demo-fx25/build/heap\libheap.a
LOAD C:/msys32/home/kazu/esp/modem-demo-fx25/build/idf_test\libidf_test.a
LOAD C:/msys32/home/kazu/esp/modem-demo-fx25/build/jsmn\libjsmn.a
LOAD C:/msys32/home/kazu/esp/modem-demo-fx25/build/json\libjson.a
LOAD C:/msys32/home/kazu/esp/modem-demo-fx25/build/libsodium\liblibsodium.a
LOAD C:/msys32/home/kazu/esp/modem-demo-fx25/build/log\liblog.a
LOAD C:/msys32/home/kazu/esp/modem-demo-fx25/build/lwip\liblwip.a
LOAD C:/msys32/home/kazu/esp/modem-demo-fx25/build/main\libmain.a
LOAD C:/msys32/home/kazu/esp/modem-demo-fx25/build/mbedtls\libmbedtls.a
LOAD C:/msys32/home/kazu/esp/modem-demo-fx25/build/mdns\libmdns.a
LOAD C:/msys32/home/kazu/esp/modem-demo-fx25/build/micro-ecc\libmicro-ecc.a
LOAD C:/msys32/home/kazu/esp/esp-idf/components/newlib/lib/libc.a
LOAD C:/msys32/home/kazu/esp/esp-idf/components/newlib/lib/libm.a
LOAD C:/msys32/home/kazu/esp/modem-demo-fx25/build/newlib\libnewlib.a
LOAD C:/msys32/home/kazu/esp/modem-demo-fx25/build/nghttp\libnghttp.a
LOAD C:/msys32/home/kazu/esp/modem-demo-fx25/build/nvs_flash\libnvs_flash.a
LOAD C:/msys32/home/kazu/esp/modem-demo-fx25/build/openssl\libopenssl.a
LOAD C:/msys32/home/kazu/esp/modem-demo-fx25/build/pthread\libpthread.a
LOAD C:/msys32/home/kazu/esp/modem-demo-fx25/build/sdmmc\libsdmmc.a
LOAD C:/msys32/home/kazu/esp/modem-demo-fx25/build/soc\libsoc.a
LOAD C:/msys32/home/kazu/esp/modem-demo-fx25/build/spi_flash\libspi_flash.a
LOAD C:/msys32/home/kazu/esp/modem-demo-fx25/build/spiffs\libspiffs.a
LOAD C:/msys32/home/kazu/esp/modem-demo-fx25/build/tcpip_adapter\libtcpip_adapter.a
LOAD C:/msys32/home/kazu/esp/modem-demo-fx25/build/ulp\libulp.a
LOAD C:/msys32/home/kazu/esp/modem-demo-fx25/build/vfs\libvfs.a
LOAD C:/msys32/home/kazu/esp/modem-demo-fx25/build/wear_levelling\libwear_levelling.a
LOAD C:/msys32/home/kazu/esp/modem-demo-fx25/build/wpa_supplicant\libwpa_supplicant.a
LOAD C:/msys32/home/kazu/esp/modem-demo-fx25/build/xtensa-debug-module\libxtensa-debug-module.a
LOAD c:/msys32/opt/xtensa-esp32-elf/bin/../lib/gcc/xtensa-esp32-elf/5.2.0\libgcc.a
LOAD c:/msys32/opt/xtensa-esp32-elf/bin/../lib/gcc/xtensa-esp32-elf/5.2.0/../../../../xtensa-esp32-elf/lib\libstdc++.a
LOAD c:/msys32/opt/xtensa-esp32-elf/bin/../lib/gcc/xtensa-esp32-elf/5.2.0\libgcov.a
END GROUP
                0x40000000                _heap_end = 0x40000000

.rtc.text       0x400c0000        0x0
                0x400c0000                . = ALIGN (0x4)
 *(.rtc.literal .rtc.text)
 *rtc_wake_stub*.o(.literal .text .literal.* .text.*)

.rtc.data       0x50000000        0x0
                0x50000000                _rtc_data_start = ABSOLUTE (.)
 *(.rtc.data)
 *(.rtc.rodata)
 *rtc_wake_stub*.o(.data .rodata .data.* .rodata.* .bss .bss.*)
                0x50000000                _rtc_data_end = ABSOLUTE (.)

.rtc.bss        0x50000000        0x0
                0x50000000                _rtc_bss_start = ABSOLUTE (.)
 *rtc_wake_stub*.o(.bss .bss.*)
 *rtc_wake_stub*.o(COMMON)
                0x50000000                _rtc_bss_end = ABSOLUTE (.)

.iram0.vectors  0x40080000      0x400
                0x40080000                _init_start = ABSOLUTE (.)
                0x00000000                . = 0x0
 *(.WindowVectors.text)
 .WindowVectors.text
                0x40080000      0x16a C:/msys32/home/kazu/esp/modem-demo-fx25/build/freertos\libfreertos.a(xtensa_vectors.o)
                0x40080000                _WindowOverflow4
                0x40080040                _WindowUnderflow4
                0x40080050                _xt_alloca_exc
                0x40080080                _WindowOverflow8
                0x400800c0                _WindowUnderflow8
                0x40080100                _WindowOverflow12
                0x40080140                _WindowUnderflow12
                0x00000180                . = 0x180
 *fill*         0x4008016a       0x16 
 *(.Level2InterruptVector.text)
 .Level2InterruptVector.text
                0x40080180        0x6 C:/msys32/home/kazu/esp/modem-demo-fx25/build/freertos\libfreertos.a(xtensa_vectors.o)
                0x40080180                _Level2Vector
                0x000001c0                . = 0x1c0
 *fill*         0x40080186       0x3a 
 *(.Level3InterruptVector.text)
 .Level3InterruptVector.text
                0x400801c0        0x6 C:/msys32/home/kazu/esp/modem-demo-fx25/build/freertos\libfreertos.a(xtensa_vectors.o)
                0x400801c0                _Level3Vector
                0x00000200                . = 0x200
 *fill*         0x400801c6       0x3a 
 *(.Level4InterruptVector.text)
 .Level4InterruptVector.text
                0x40080200        0x6 C:/msys32/home/kazu/esp/modem-demo-fx25/build/freertos\libfreertos.a(xtensa_vectors.o)
                0x40080200                _Level4Vector
                0x00000240                . = 0x240
 *fill*         0x40080206       0x3a 
 *(.Level5InterruptVector.text)
 .Level5InterruptVector.text
                0x40080240        0x6 C:/msys32/home/kazu/esp/modem-demo-fx25/build/freertos\libfreertos.a(xtensa_vectors.o)
                0x40080240                _Level5Vector
                0x00000280                . = 0x280
 *fill*         0x40080246       0x3a 
 *(.DebugExceptionVector.text)
 .DebugExceptionVector.text
                0x40080280        0x6 C:/msys32/home/kazu/esp/modem-demo-fx25/build/freertos\libfreertos.a(xtensa_vectors.o)
                0x40080280                _DebugExceptionVector
                0x000002c0                . = 0x2c0
 *fill*         0x40080286       0x3a 
 *(.NMIExceptionVector.text)
 .NMIExceptionVector.text
                0x400802c0        0x6 C:/msys32/home/kazu/esp/modem-demo-fx25/build/freertos\libfreertos.a(xtensa_vectors.o)
                0x400802c0                _NMIExceptionVector
                0x00000300                . = 0x300
 *fill*         0x400802c6       0x3a 
 *(.KernelExceptionVector.text)
 .KernelExceptionVector.text
                0x40080300        0x6 C:/msys32/home/kazu/esp/modem-demo-fx25/build/freertos\libfreertos.a(xtensa_vectors.o)
                0x40080300                _KernelExceptionVector
                0x00000340                . = 0x340
 *fill*         0x40080306       0x3a 
 *(.UserExceptionVector.text)
 .UserExceptionVector.text
                0x40080340        0x6 C:/msys32/home/kazu/esp/modem-demo-fx25/build/freertos\libfreertos.a(xtensa_vectors.o)
                0x40080340                _UserExceptionVector
                0x000003c0                . = 0x3c0
 *fill*         0x40080346       0x7a 
 *(.DoubleExceptionVector.text)
 .DoubleExceptionVector.text
                0x400803c0        0xf C:/msys32/home/kazu/esp/modem-demo-fx25/build/freertos\libfreertos.a(xtensa_vectors.o)
                0x400803c0                _DoubleExceptionVector
                0x00000400                . = 0x400
 *fill*         0x400803cf       0x31 
 *(.*Vector.literal)
 *(.UserEnter.literal)
 *(.UserEnter.text)
                0x40080400                . = ALIGN (0x10)
 *(.entry.text)
 *(.init.literal)
 *(.init)
                0x40080400                _init_end = ABSOLUTE (.)
                0x00000000                _iram_start = 0x0

.iram0.text     0x40080400     0x9388
                0x40080400                _iram_text_start = ABSOLUTE (.)
 *(.iram1 .iram1.*)
 .iram1.literal
                0x40080400       0xa8 C:/msys32/home/kazu/esp/modem-demo-fx25/build/esp32\libesp32.a(cpu_start.o)
                                0x1d0 (size before relaxing)
 .iram1.literal
                0x400804a8       0x24 C:/msys32/home/kazu/esp/modem-demo-fx25/build/esp32\libesp32.a(dport_panic_highint_hdl.o)
                                 0x28 (size before relaxing)
 .iram1.literal
                0x400804cc        0x8 C:/msys32/home/kazu/esp/modem-demo-fx25/build/esp32\libesp32.a(int_wdt.o)
                                  0xc (size before relaxing)
 .iram1.literal
                0x400804d4       0x64 C:/msys32/home/kazu/esp/modem-demo-fx25/build/esp32\libesp32.a(system_api.o)
                                 0xc8 (size before relaxing)
 .iram1.literal
                0x40080538       0x24 C:/msys32/home/kazu/esp/modem-demo-fx25/build/esp32\libesp32.a(dport_access.o)
                                 0x7c (size before relaxing)
 .iram1.literal
                0x4008055c       0x20 C:/msys32/home/kazu/esp/modem-demo-fx25/build/esp32\libesp32.a(esp_timer.o)
                                 0x54 (size before relaxing)
 .iram1.literal
                0x4008057c       0x20 C:/msys32/home/kazu/esp/modem-demo-fx25/build/esp32\libesp32.a(intr_alloc.o)
                                 0x7c (size before relaxing)
 .iram1.literal
                0x4008059c       0x20 C:/msys32/home/kazu/esp/modem-demo-fx25/build/esp32\libesp32.a(ipc.o)
                                 0x34 (size before relaxing)
 .iram1.literal
                0x400805bc        0xc C:/msys32/home/kazu/esp/modem-demo-fx25/build/esp32\libesp32.a(cache_err_int.o)
                                 0x20 (size before relaxing)
 .iram1.literal
                0x400805c8        0x4 C:/msys32/home/kazu/esp/modem-demo-fx25/build/esp32\libesp32.a(freertos_hooks.o)
 .iram1.literal
                0x400805cc        0xc C:/msys32/home/kazu/esp/modem-demo-fx25/build/esp32\libesp32.a(clk.o)
                                 0x18 (size before relaxing)
 .iram1.literal
                0x400805d8       0x58 C:/msys32/home/kazu/esp/modem-demo-fx25/build/esp32\libesp32.a(esp_timer_esp32.o)
                                 0xf0 (size before relaxing)
 .iram1.literal
                0x40080630       0x1c C:/msys32/home/kazu/esp/modem-demo-fx25/build/esp32\libesp32.a(crosscore_int.o)
                                 0x40 (size before relaxing)
 .iram1.literal
                0x4008064c        0x4 C:/msys32/home/kazu/esp/modem-demo-fx25/build/freertos\libfreertos.a(port.o)
 .iram1.literal
                0x40080650       0x44 C:/msys32/home/kazu/esp/modem-demo-fx25/build/freertos\libfreertos.a(xtensa_vectors.o)
                                 0x68 (size before relaxing)
 .iram1.literal
                0x40080694       0x58 C:/msys32/home/kazu/esp/modem-demo-fx25/build/heap\libheap.a(heap_caps.o)
                                 0xb0 (size before relaxing)
 .iram1.literal
                0x400806ec       0x24 C:/msys32/home/kazu/esp/modem-demo-fx25/build/log\liblog.a(log.o)
                                 0x48 (size before relaxing)
 .iram1.literal
                0x40080710        0x0 C:/msys32/home/kazu/esp/modem-demo-fx25/build/main\libmain.a(gpio.o)
                                  0x8 (size before relaxing)
 .iram1.literal
                0x40080710        0xc C:/msys32/home/kazu/esp/modem-demo-fx25/build/main\libmain.a(mcpwm.o)
                                 0x1c (size before relaxing)
 .iram1.literal
                0x4008071c       0x14 C:/msys32/home/kazu/esp/modem-demo-fx25/build/newlib\libnewlib.a(locks.o)
                                 0x90 (size before relaxing)
 .iram1.literal
                0x40080730        0x0 C:/msys32/home/kazu/esp/modem-demo-fx25/build/newlib\libnewlib.a(syscalls.o)
                                 0x14 (size before relaxing)
 .iram1.literal
                0x40080730        0x8 C:/msys32/home/kazu/esp/modem-demo-fx25/build/newlib\libnewlib.a(reent_init.o)
                                 0x10 (size before relaxing)
 .iram1.literal
                0x40080738        0x0 C:/msys32/home/kazu/esp/modem-demo-fx25/build/newlib\libnewlib.a(time.o)
                                 0x1c (size before relaxing)
 .iram1.literal
                0x40080738       0x1c C:/msys32/home/kazu/esp/modem-demo-fx25/build/soc\libsoc.a(cpu_util.o)
                                 0x30 (size before relaxing)
 .iram1.literal
                0x40080754       0x38 C:/msys32/home/kazu/esp/modem-demo-fx25/build/spi_flash\libspi_flash.a(flash_ops.o)
                                 0xe4 (size before relaxing)
 .iram1.literal
                0x4008078c       0x50 C:/msys32/home/kazu/esp/modem-demo-fx25/build/spi_flash\libspi_flash.a(cache_utils.o)
                                0x144 (size before relaxing)
 .iram1.literal
                0x400807dc       0x4c C:/msys32/home/kazu/esp/modem-demo-fx25/build/spi_flash\libspi_flash.a(flash_mmap.o)
                                0x108 (size before relaxing)
 .iram1.literal
                0x40080828       0x2c C:/msys32/home/kazu/esp/modem-demo-fx25/build/driver\libdriver.a(rmt.o)
                                 0x74 (size before relaxing)
 .iram1.literal
                0x40080854        0x8 C:/msys32/home/kazu/esp/modem-demo-fx25/build/driver\libdriver.a(gpio.o)
 .iram1.literal
                0x4008085c       0x20 C:/msys32/home/kazu/esp/modem-demo-fx25/build/driver\libdriver.a(ledc.o)
                                 0x3c (size before relaxing)
 .literal.prvResetNextTaskUnblockTime
                0x4008087c        0x8 C:/msys32/home/kazu/esp/modem-demo-fx25/build/freertos\libfreertos.a(tasks.o)
 .literal.prvDeleteTLS
                0x40080884       0x10 C:/msys32/home/kazu/esp/modem-demo-fx25/build/freertos\libfreertos.a(tasks.o)
                                 0x18 (size before relaxing)
 .literal.prvInitialiseNewTask
                0x40080894        0x0 C:/msys32/home/kazu/esp/modem-demo-fx25/build/freertos\libfreertos.a(tasks.o)
                                 0x18 (size before relaxing)
 .literal.prvInitialiseTaskLists
                0x40080894       0x20 C:/msys32/home/kazu/esp/modem-demo-fx25/build/freertos\libfreertos.a(tasks.o)
                                 0x40 (size before relaxing)
 .literal.prvDeleteTCB
                0x400808b4        0x8 C:/msys32/home/kazu/esp/modem-demo-fx25/build/freertos\libfreertos.a(tasks.o)
                                 0x2c (size before relaxing)
 .literal.prvAddCurrentTaskToDelayedList
                0x400808bc        0x4 C:/msys32/home/kazu/esp/modem-demo-fx25/build/freertos\libfreertos.a(tasks.o)
                                 0x1c (size before relaxing)
 .literal.taskYIELD_OTHER_CORE
                0x400808c0        0x0 C:/msys32/home/kazu/esp/modem-demo-fx25/build/freertos\libfreertos.a(tasks.o)
                                 0x10 (size before relaxing)
 .literal.vTaskSuspendAll
                0x400808c0        0x4 C:/msys32/home/kazu/esp/modem-demo-fx25/build/freertos\libfreertos.a(tasks.o)
                                  0x8 (size before relaxing)
 .literal.xTaskGetIdleTaskHandleForCPU
                0x400808c4        0xc C:/msys32/home/kazu/esp/modem-demo-fx25/build/freertos\libfreertos.a(tasks.o)
                                 0x1c (size before relaxing)
 .literal.vTaskSwitchContext
                0x400808d0       0x18 C:/msys32/home/kazu/esp/modem-demo-fx25/build/freertos\libfreertos.a(tasks.o)
                                 0x3c (size before relaxing)
 .literal.vTaskSetTimeOutState
                0x400808e8        0xc C:/msys32/home/kazu/esp/modem-demo-fx25/build/freertos\libfreertos.a(tasks.o)
                                 0x20 (size before relaxing)
 .literal.xTaskGetCurrentTaskHandle
                0x400808f4        0x0 C:/msys32/home/kazu/esp/modem-demo-fx25/build/freertos\libfreertos.a(tasks.o)
                                  0x8 (size before relaxing)
 .literal.__getreent
                0x400808f4        0x0 C:/msys32/home/kazu/esp/modem-demo-fx25/build/freertos\libfreertos.a(tasks.o)
                                  0x8 (size before relaxing)
 .literal.pcTaskGetTaskName
                0x400808f4        0x8 C:/msys32/home/kazu/esp/modem-demo-fx25/build/freertos\libfreertos.a(tasks.o)
                                 0x1c (size before relaxing)
 .literal.xTaskGetAffinity
                0x400808fc        0x0 C:/msys32/home/kazu/esp/modem-demo-fx25/build/freertos\libfreertos.a(tasks.o)
                                  0x4 (size before relaxing)
 .literal.xTaskGetCurrentTaskHandleForCPU
                0x400808fc        0x0 C:/msys32/home/kazu/esp/modem-demo-fx25/build/freertos\libfreertos.a(tasks.o)
                                  0x4 (size before relaxing)
 .literal.xTaskGetSchedulerState
                0x400808fc        0x4 C:/msys32/home/kazu/esp/modem-demo-fx25/build/freertos\libfreertos.a(tasks.o)
                                  0xc (size before relaxing)
 .literal.vTaskEnterCritical
                0x40080900       0x20 C:/msys32/home/kazu/esp/modem-demo-fx25/build/freertos\libfreertos.a(tasks.o)
                                 0x34 (size before relaxing)
 .literal.vTaskExitCritical
                0x40080920       0x10 C:/msys32/home/kazu/esp/modem-demo-fx25/build/freertos\libfreertos.a(tasks.o)
                                 0x30 (size before relaxing)
 .literal.prvAddNewTaskToReadyList
                0x40080930       0x10 C:/msys32/home/kazu/esp/modem-demo-fx25/build/freertos\libfreertos.a(tasks.o)
                                 0x58 (size before relaxing)
 .literal.xTaskCreatePinnedToCore
                0x40080940        0x0 C:/msys32/home/kazu/esp/modem-demo-fx25/build/freertos\libfreertos.a(tasks.o)
                                 0x18 (size before relaxing)
 .literal.vTaskStartScheduler
                0x40080940       0x10 C:/msys32/home/kazu/esp/modem-demo-fx25/build/freertos\libfreertos.a(tasks.o)
                                 0x38 (size before relaxing)
 .literal.vTaskDelete
                0x40080950        0x8 C:/msys32/home/kazu/esp/modem-demo-fx25/build/freertos\libfreertos.a(tasks.o)
                                 0x60 (size before relaxing)
 .literal.vTaskDelay
                0x40080958        0x4 C:/msys32/home/kazu/esp/modem-demo-fx25/build/freertos\libfreertos.a(tasks.o)
                                 0x38 (size before relaxing)
 .literal.prvCheckTasksWaitingTermination
                0x4008095c        0x8 C:/msys32/home/kazu/esp/modem-demo-fx25/build/freertos\libfreertos.a(tasks.o)
                                 0x30 (size before relaxing)
 .literal.prvIdleTask
                0x40080964        0x0 C:/msys32/home/kazu/esp/modem-demo-fx25/build/freertos\libfreertos.a(tasks.o)
                                  0x8 (size before relaxing)
 .literal.xTaskGetTickCount
                0x40080964        0x4 C:/msys32/home/kazu/esp/modem-demo-fx25/build/freertos\libfreertos.a(tasks.o)
                                 0x10 (size before relaxing)
 .literal.xTaskIncrementTick
                0x40080968        0xc C:/msys32/home/kazu/esp/modem-demo-fx25/build/freertos\libfreertos.a(tasks.o)
                                 0x78 (size before relaxing)
 .literal.xTaskResumeAll
                0x40080974        0x8 C:/msys32/home/kazu/esp/modem-demo-fx25/build/freertos\libfreertos.a(tasks.o)
                                 0x5c (size before relaxing)
 .literal.vTaskPlaceOnEventList
                0x4008097c        0x8 C:/msys32/home/kazu/esp/modem-demo-fx25/build/freertos\libfreertos.a(tasks.o)
                                 0x40 (size before relaxing)
 .literal.vTaskPlaceOnEventListRestricted
                0x40080984        0x8 C:/msys32/home/kazu/esp/modem-demo-fx25/build/freertos\libfreertos.a(tasks.o)
                                 0x38 (size before relaxing)
 .literal.xTaskRemoveFromEventList
                0x4008098c        0x8 C:/msys32/home/kazu/esp/modem-demo-fx25/build/freertos\libfreertos.a(tasks.o)
                                 0x58 (size before relaxing)
 .literal.xTaskCheckForTimeOut
                0x40080994        0xc C:/msys32/home/kazu/esp/modem-demo-fx25/build/freertos\libfreertos.a(tasks.o)
                                 0x3c (size before relaxing)
 .literal.vTaskPriorityInherit
                0x400809a0        0x0 C:/msys32/home/kazu/esp/modem-demo-fx25/build/freertos\libfreertos.a(tasks.o)
                                 0x2c (size before relaxing)
 .literal.xTaskPriorityDisinherit
                0x400809a0        0x8 C:/msys32/home/kazu/esp/modem-demo-fx25/build/freertos\libfreertos.a(tasks.o)
                                 0x40 (size before relaxing)
 .literal.pvTaskIncrementMutexHeldCount
                0x400809a8        0x0 C:/msys32/home/kazu/esp/modem-demo-fx25/build/freertos\libfreertos.a(tasks.o)
                                 0x10 (size before relaxing)
 .literal.pxPortInitialiseStack
                0x400809a8       0x10 C:/msys32/home/kazu/esp/modem-demo-fx25/build/freertos\libfreertos.a(port.o)
                                 0x18 (size before relaxing)
 .literal.xPortStartScheduler
                0x400809b8        0x0 C:/msys32/home/kazu/esp/modem-demo-fx25/build/freertos\libfreertos.a(port.o)
                                 0x14 (size before relaxing)
 .literal.xPortSysTickHandler
                0x400809b8        0x0 C:/msys32/home/kazu/esp/modem-demo-fx25/build/freertos\libfreertos.a(port.o)
                                  0x8 (size before relaxing)
 .literal.vPortYieldOtherCore
                0x400809b8        0x0 C:/msys32/home/kazu/esp/modem-demo-fx25/build/freertos\libfreertos.a(port.o)
                                  0x4 (size before relaxing)
 .literal.vPortReleaseTaskMPUSettings
                0x400809b8        0x0 C:/msys32/home/kazu/esp/modem-demo-fx25/build/freertos\libfreertos.a(port.o)
                                  0x4 (size before relaxing)
 .literal.xPortInIsrContext
                0x400809b8        0x0 C:/msys32/home/kazu/esp/modem-demo-fx25/build/freertos\libfreertos.a(port.o)
                                  0x8 (size before relaxing)
 .literal.vPortCPUInitializeMutex
                0x400809b8        0x0 C:/msys32/home/kazu/esp/modem-demo-fx25/build/freertos\libfreertos.a(port.o)
                                  0x4 (size before relaxing)
 .literal.vPortCPUAcquireMutex
                0x400809b8       0x14 C:/msys32/home/kazu/esp/modem-demo-fx25/build/freertos\libfreertos.a(port.o)
                                 0x30 (size before relaxing)
 .literal.vPortCPUReleaseMutex
                0x400809cc       0x10 C:/msys32/home/kazu/esp/modem-demo-fx25/build/freertos\libfreertos.a(port.o)
                                 0x28 (size before relaxing)
 .literal._xt_tick_divisor_init
                0x400809dc        0x8 C:/msys32/home/kazu/esp/modem-demo-fx25/build/freertos\libfreertos.a(xtensa_init.o)
                                  0xc (size before relaxing)
 .literal.prvIsQueueFull
                0x400809e4        0x0 C:/msys32/home/kazu/esp/modem-demo-fx25/build/freertos\libfreertos.a(queue.o)
                                  0x8 (size before relaxing)
 .literal.prvCopyDataToQueue
                0x400809e4        0x0 C:/msys32/home/kazu/esp/modem-demo-fx25/build/freertos\libfreertos.a(queue.o)
                                  0xc (size before relaxing)
 .literal.prvNotifyQueueSetContainer
                0x400809e4       0x14 C:/msys32/home/kazu/esp/modem-demo-fx25/build/freertos\libfreertos.a(queue.o)
                                 0x2c (size before relaxing)
 .literal.prvCopyDataFromQueue
                0x400809f8        0x0 C:/msys32/home/kazu/esp/modem-demo-fx25/build/freertos\libfreertos.a(queue.o)
                                  0x4 (size before relaxing)
 .literal.xQueueGenericReset
                0x400809f8        0x4 C:/msys32/home/kazu/esp/modem-demo-fx25/build/freertos\libfreertos.a(queue.o)
                                 0x30 (size before relaxing)
 .literal.prvInitialiseNewQueue
                0x400809fc        0x0 C:/msys32/home/kazu/esp/modem-demo-fx25/build/freertos\libfreertos.a(queue.o)
                                  0x4 (size before relaxing)
 .literal.xQueueGenericCreate
                0x400809fc        0x4 C:/msys32/home/kazu/esp/modem-demo-fx25/build/freertos\libfreertos.a(queue.o)
                                 0x1c (size before relaxing)
 .literal.xQueueGetMutexHolder
                0x40080a00        0x0 C:/msys32/home/kazu/esp/modem-demo-fx25/build/freertos\libfreertos.a(queue.o)
                                  0x8 (size before relaxing)
 .literal.xQueueCreateCountingSemaphore
                0x40080a00        0x4 C:/msys32/home/kazu/esp/modem-demo-fx25/build/freertos\libfreertos.a(queue.o)
                                 0x28 (size before relaxing)
 .literal.xQueueGenericSend
                0x40080a04        0x4 C:/msys32/home/kazu/esp/modem-demo-fx25/build/freertos\libfreertos.a(queue.o)
                                 0x7c (size before relaxing)
 .literal.prvInitialiseMutex
                0x40080a08        0x0 C:/msys32/home/kazu/esp/modem-demo-fx25/build/freertos\libfreertos.a(queue.o)
                                  0x8 (size before relaxing)
 .literal.xQueueCreateMutex
                0x40080a08        0x0 C:/msys32/home/kazu/esp/modem-demo-fx25/build/freertos\libfreertos.a(queue.o)
                                  0x8 (size before relaxing)
 .literal.xQueueGiveMutexRecursive
                0x40080a08        0x4 C:/msys32/home/kazu/esp/modem-demo-fx25/build/freertos\libfreertos.a(queue.o)
                                 0x1c (size before relaxing)
 .literal.xQueueGenericSendFromISR
                0x40080a0c        0x4 C:/msys32/home/kazu/esp/modem-demo-fx25/build/freertos\libfreertos.a(queue.o)
                                 0x3c (size before relaxing)
 .literal.xQueueGiveFromISR
                0x40080a10        0x4 C:/msys32/home/kazu/esp/modem-demo-fx25/build/freertos\libfreertos.a(queue.o)
                                 0x30 (size before relaxing)
 .literal.xQueueGenericReceive
                0x40080a14        0x4 C:/msys32/home/kazu/esp/modem-demo-fx25/build/freertos\libfreertos.a(queue.o)
                                 0x78 (size before relaxing)
 .literal.xQueueTakeMutexRecursive
                0x40080a18        0x4 C:/msys32/home/kazu/esp/modem-demo-fx25/build/freertos\libfreertos.a(queue.o)
                                 0x1c (size before relaxing)
 .literal.xQueueReceiveFromISR
                0x40080a1c        0x4 C:/msys32/home/kazu/esp/modem-demo-fx25/build/freertos\libfreertos.a(queue.o)
                                 0x30 (size before relaxing)
 .literal.vQueueDelete
                0x40080a20        0x4 C:/msys32/home/kazu/esp/modem-demo-fx25/build/freertos\libfreertos.a(queue.o)
                                 0x18 (size before relaxing)
 .literal.vQueueWaitForMessageRestricted
                0x40080a24        0x0 C:/msys32/home/kazu/esp/modem-demo-fx25/build/freertos\libfreertos.a(queue.o)
                                  0xc (size before relaxing)
 .literal.xt_unhandled_interrupt
                0x40080a24        0x4 C:/msys32/home/kazu/esp/modem-demo-fx25/build/freertos\libfreertos.a(xtensa_intr.o)
                                  0x8 (size before relaxing)
 .literal.xt_set_interrupt_handler
                0x40080a28        0x8 C:/msys32/home/kazu/esp/modem-demo-fx25/build/freertos\libfreertos.a(xtensa_intr.o)
                                  0xc (size before relaxing)
 .literal       0x40080a30        0xc C:/msys32/home/kazu/esp/modem-demo-fx25/build/freertos\libfreertos.a(portasm.o)
                                 0x54 (size before relaxing)
 .literal       0x40080a3c        0x0 C:/msys32/home/kazu/esp/modem-demo-fx25/build/freertos\libfreertos.a(xtensa_context.o)
                                 0x10 (size before relaxing)
 .literal.prvGetNextExpireTime
                0x40080a3c        0x4 C:/msys32/home/kazu/esp/modem-demo-fx25/build/freertos\libfreertos.a(timers.o)
 .literal.prvInsertTimerInActiveList
                0x40080a40        0x4 C:/msys32/home/kazu/esp/modem-demo-fx25/build/freertos\libfreertos.a(timers.o)
                                 0x10 (size before relaxing)
 .literal.prvCheckForValidListAndQueue
                0x40080a44       0x1c C:/msys32/home/kazu/esp/modem-demo-fx25/build/freertos\libfreertos.a(timers.o)
                                 0x44 (size before relaxing)
 .literal.xTimerCreateTimerTask
                0x40080a60       0x10 C:/msys32/home/kazu/esp/modem-demo-fx25/build/freertos\libfreertos.a(timers.o)
                                 0x2c (size before relaxing)
 .literal.xTimerGenericCommand
                0x40080a70        0x0 C:/msys32/home/kazu/esp/modem-demo-fx25/build/freertos\libfreertos.a(timers.o)
                                 0x14 (size before relaxing)
 .literal.prvSwitchTimerLists
                0x40080a70        0x4 C:/msys32/home/kazu/esp/modem-demo-fx25/build/freertos\libfreertos.a(timers.o)
                                 0x28 (size before relaxing)
 .literal.prvSampleTimeNow
                0x40080a74        0x4 C:/msys32/home/kazu/esp/modem-demo-fx25/build/freertos\libfreertos.a(timers.o)
                                  0xc (size before relaxing)
 .literal.prvProcessExpiredTimer
                0x40080a78        0x4 C:/msys32/home/kazu/esp/modem-demo-fx25/build/freertos\libfreertos.a(timers.o)
                                 0x24 (size before relaxing)
 .literal.prvProcessTimerOrBlockTask
                0x40080a7c        0x0 C:/msys32/home/kazu/esp/modem-demo-fx25/build/freertos\libfreertos.a(timers.o)
                                 0x24 (size before relaxing)
 .literal.prvProcessReceivedCommands
                0x40080a7c        0x8 C:/msys32/home/kazu/esp/modem-demo-fx25/build/freertos\libfreertos.a(timers.o)
                                 0x40 (size before relaxing)
 .literal.prvTimerTask
                0x40080a84        0x0 C:/msys32/home/kazu/esp/modem-demo-fx25/build/freertos\libfreertos.a(timers.o)
                                  0xc (size before relaxing)
 .literal.returnItemToRingbufBytebuf
                0x40080a84        0xc C:/msys32/home/kazu/esp/modem-demo-fx25/build/freertos\libfreertos.a(ringbuf.o)
                                 0x1c (size before relaxing)
 .literal.returnItemToRingbufDefault
                0x40080a90        0x4 C:/msys32/home/kazu/esp/modem-demo-fx25/build/freertos\libfreertos.a(ringbuf.o)
                                 0x44 (size before relaxing)
 .literal.getItemFromRingbufDefault
                0x40080a94        0x4 C:/msys32/home/kazu/esp/modem-demo-fx25/build/freertos\libfreertos.a(ringbuf.o)
                                 0x24 (size before relaxing)
 .literal.copyItemToRingbufNoSplit
                0x40080a98        0x4 C:/msys32/home/kazu/esp/modem-demo-fx25/build/freertos\libfreertos.a(ringbuf.o)
                                 0x24 (size before relaxing)
 .literal.copyItemToRingbufByteBuf
                0x40080a9c        0x0 C:/msys32/home/kazu/esp/modem-demo-fx25/build/freertos\libfreertos.a(ringbuf.o)
                                  0x8 (size before relaxing)
 .literal.copyItemToRingbufAllowSplit
                0x40080a9c        0x4 C:/msys32/home/kazu/esp/modem-demo-fx25/build/freertos\libfreertos.a(ringbuf.o)
                                 0x34 (size before relaxing)
 .literal.xRingbufferCreate
                0x40080aa0       0x2c C:/msys32/home/kazu/esp/modem-demo-fx25/build/freertos\libfreertos.a(ringbuf.o)
                                 0x64 (size before relaxing)
 .literal.xRingbufferSendFromISR
                0x40080acc        0x4 C:/msys32/home/kazu/esp/modem-demo-fx25/build/freertos\libfreertos.a(ringbuf.o)
                                 0x24 (size before relaxing)
 .literal.get_prev_free_block
                0x40080ad0       0x10 C:/msys32/home/kazu/esp/modem-demo-fx25/build/heap\libheap.a(multi_heap.o)
                                 0x28 (size before relaxing)
 .literal.split_if_necessary
                0x40080ae0        0x8 C:/msys32/home/kazu/esp/modem-demo-fx25/build/heap\libheap.a(multi_heap.o)
                                 0x38 (size before relaxing)
 .literal.assert_valid_block
                0x40080ae8        0x8 C:/msys32/home/kazu/esp/modem-demo-fx25/build/heap\libheap.a(multi_heap.o)
                                 0x2c (size before relaxing)
 .literal.merge_adjacent
                0x40080af0        0x8 C:/msys32/home/kazu/esp/modem-demo-fx25/build/heap\libheap.a(multi_heap.o)
                                 0x4c (size before relaxing)
 .literal.multi_heap_get_allocated_size_impl
                0x40080af8        0x0 C:/msys32/home/kazu/esp/modem-demo-fx25/build/heap\libheap.a(multi_heap.o)
                                 0x10 (size before relaxing)
 .literal.multi_heap_malloc_impl
                0x40080af8        0x0 C:/msys32/home/kazu/esp/modem-demo-fx25/build/heap\libheap.a(multi_heap.o)
                                 0x28 (size before relaxing)
 .literal.multi_heap_free_impl
                0x40080af8        0x0 C:/msys32/home/kazu/esp/modem-demo-fx25/build/heap\libheap.a(multi_heap.o)
                                 0x50 (size before relaxing)
 .literal.multi_heap_realloc_impl
                0x40080af8        0x8 C:/msys32/home/kazu/esp/modem-demo-fx25/build/heap\libheap.a(multi_heap.o)
                                 0x68 (size before relaxing)
 .literal.panicPutChar
                0x40080b00        0x8 C:/msys32/home/kazu/esp/modem-demo-fx25/build/esp32\libesp32.a(panic.o)
 .literal.panicPutStr
                0x40080b08        0x0 C:/msys32/home/kazu/esp/modem-demo-fx25/build/esp32\libesp32.a(panic.o)
                                  0x4 (size before relaxing)
 .literal.panicPutHex
                0x40080b08        0x0 C:/msys32/home/kazu/esp/modem-demo-fx25/build/esp32\libesp32.a(panic.o)
                                  0x8 (size before relaxing)
 .literal.panicPutDec
                0x40080b08        0x4 C:/msys32/home/kazu/esp/modem-demo-fx25/build/esp32\libesp32.a(panic.o)
                                 0x10 (size before relaxing)
 .literal.reconfigureAllWdts
                0x40080b0c        0xc C:/msys32/home/kazu/esp/modem-demo-fx25/build/esp32\libesp32.a(panic.o)
                                 0x24 (size before relaxing)
 .literal.putEntry
                0x40080b18       0x10 C:/msys32/home/kazu/esp/modem-demo-fx25/build/esp32\libesp32.a(panic.o)
                                 0x20 (size before relaxing)
 .literal.doBacktrace
                0x40080b28       0x10 C:/msys32/home/kazu/esp/modem-demo-fx25/build/esp32\libesp32.a(panic.o)
                                 0x24 (size before relaxing)
 .literal.invoke_abort
                0x40080b38        0x4 C:/msys32/home/kazu/esp/modem-demo-fx25/build/esp32\libesp32.a(panic.o)
                                  0x8 (size before relaxing)
 .literal.haltOtherCore
                0x40080b3c        0x0 C:/msys32/home/kazu/esp/modem-demo-fx25/build/esp32\libesp32.a(panic.o)
                                  0x4 (size before relaxing)
 .literal.esp_panic_wdt_start
                0x40080b3c       0x14 C:/msys32/home/kazu/esp/modem-demo-fx25/build/esp32\libesp32.a(panic.o)
                                 0x2c (size before relaxing)
 .literal.commonErrorHandler_dump
                0x40080b50       0x30 C:/msys32/home/kazu/esp/modem-demo-fx25/build/esp32\libesp32.a(panic.o)
                                 0x90 (size before relaxing)
 .literal.esp_panic_dig_reset
                0x40080b80        0x0 C:/msys32/home/kazu/esp/modem-demo-fx25/build/esp32\libesp32.a(panic.o)
                                 0x14 (size before relaxing)
 .literal.abort
                0x40080b80        0x8 C:/msys32/home/kazu/esp/modem-demo-fx25/build/esp32\libesp32.a(panic.o)
                                 0x10 (size before relaxing)
 .literal.vApplicationStackOverflowHook
                0x40080b88        0x8 C:/msys32/home/kazu/esp/modem-demo-fx25/build/esp32\libesp32.a(panic.o)
                                 0x18 (size before relaxing)
 .literal.esp_panic_wdt_stop
                0x40080b90        0x0 C:/msys32/home/kazu/esp/modem-demo-fx25/build/esp32\libesp32.a(panic.o)
                                 0x18 (size before relaxing)
 .literal.commonErrorHandler
                0x40080b90        0x4 C:/msys32/home/kazu/esp/modem-demo-fx25/build/esp32\libesp32.a(panic.o)
                                 0x28 (size before relaxing)
 .literal.panicHandler
                0x40080b94       0x34 C:/msys32/home/kazu/esp/modem-demo-fx25/build/esp32\libesp32.a(panic.o)
                                 0xa4 (size before relaxing)
 .literal.xt_unhandled_exception
                0x40080bc8       0x14 C:/msys32/home/kazu/esp/modem-demo-fx25/build/esp32\libesp32.a(panic.o)
                                 0x60 (size before relaxing)
 .literal._esp_error_check_failed
                0x40080bdc        0xc C:/msys32/home/kazu/esp/modem-demo-fx25/build/esp32\libesp32.a(panic.o)
                                 0x1c (size before relaxing)
 .literal.rtc_clk_32k_enable_internal
                0x40080be8       0x14 C:/msys32/home/kazu/esp/modem-demo-fx25/build/soc\libsoc.a(rtc_clk.o)
 .literal.rtc_clk_32k_enable
                0x40080bfc        0x4 C:/msys32/home/kazu/esp/modem-demo-fx25/build/soc\libsoc.a(rtc_clk.o)
                                  0xc (size before relaxing)
 .literal.rtc_clk_32k_bootstrap
                0x40080c00        0xc C:/msys32/home/kazu/esp/modem-demo-fx25/build/soc\libsoc.a(rtc_clk.o)
                                 0x34 (size before relaxing)
 .literal.rtc_clk_slow_freq_set
                0x40080c0c        0x4 C:/msys32/home/kazu/esp/modem-demo-fx25/build/soc\libsoc.a(rtc_clk.o)
                                  0xc (size before relaxing)
 .literal.rtc_clk_slow_freq_get
                0x40080c10        0x0 C:/msys32/home/kazu/esp/modem-demo-fx25/build/soc\libsoc.a(rtc_clk.o)
                                  0x4 (size before relaxing)
 .literal.rtc_clk_slow_freq_get_hz
                0x40080c10        0xc C:/msys32/home/kazu/esp/modem-demo-fx25/build/soc\libsoc.a(rtc_clk.o)
                                 0x10 (size before relaxing)
 .literal.rtc_clk_fast_freq_set
                0x40080c1c        0x4 C:/msys32/home/kazu/esp/modem-demo-fx25/build/soc\libsoc.a(rtc_clk.o)
                                  0xc (size before relaxing)
 .literal.rtc_clk_bbpll_set
                0x40080c20        0xc C:/msys32/home/kazu/esp/modem-demo-fx25/build/soc\libsoc.a(rtc_clk.o)
                                 0x38 (size before relaxing)
 .literal.rtc_clk_xtal_freq_get
                0x40080c2c        0xc C:/msys32/home/kazu/esp/modem-demo-fx25/build/soc\libsoc.a(rtc_clk.o)
                                 0x1c (size before relaxing)
 .literal.rtc_clk_cpu_freq_get
                0x40080c38       0x14 C:/msys32/home/kazu/esp/modem-demo-fx25/build/soc\libsoc.a(rtc_clk.o)
                                 0x30 (size before relaxing)
 .literal.rtc_clk_cpu_freq_value
                0x40080c4c       0x1c C:/msys32/home/kazu/esp/modem-demo-fx25/build/soc\libsoc.a(rtc_clk.o)
                                 0x2c (size before relaxing)
 .literal.rtc_clk_apb_freq_update
                0x40080c68        0x4 C:/msys32/home/kazu/esp/modem-demo-fx25/build/soc\libsoc.a(rtc_clk.o)
                                  0x8 (size before relaxing)
 .literal.rtc_clk_cpu_freq_set
                0x40080c6c       0x1c C:/msys32/home/kazu/esp/modem-demo-fx25/build/soc\libsoc.a(rtc_clk.o)
                                 0x98 (size before relaxing)
 .literal.rtc_clk_apb_freq_get
                0x40080c88        0x8 C:/msys32/home/kazu/esp/modem-demo-fx25/build/soc\libsoc.a(rtc_clk.o)
                                 0x14 (size before relaxing)
 .literal.rtc_clk_cal_internal
                0x40080c90       0x14 C:/msys32/home/kazu/esp/modem-demo-fx25/build/soc\libsoc.a(rtc_time.o)
                                 0x3c (size before relaxing)
 .literal.rtc_clk_cal
                0x40080ca4        0x0 C:/msys32/home/kazu/esp/modem-demo-fx25/build/soc\libsoc.a(rtc_time.o)
                                  0xc (size before relaxing)
 .literal.rtc_time_get
                0x40080ca4       0x10 C:/msys32/home/kazu/esp/modem-demo-fx25/build/soc\libsoc.a(rtc_time.o)
                                 0x18 (size before relaxing)
 .literal.rtc_clk_wait_for_slow_cycle
                0x40080cb4        0x8 C:/msys32/home/kazu/esp/modem-demo-fx25/build/soc\libsoc.a(rtc_time.o)
                                 0x20 (size before relaxing)
 .literal.rtc_init
                0x40080cbc       0x7c C:/msys32/home/kazu/esp/modem-demo-fx25/build/soc\libsoc.a(rtc_init.o)
                                0x100 (size before relaxing)
 .literal       0x40080d38        0x0 C:/msys32/home/kazu/esp/esp-idf/components/esp32/libhal.a(windowspill_asm.o)
                                  0x4 (size before relaxing)
 .literal.esp_rom_spiflash_read_status
                0x40080d38       0x10 C:/msys32/home/kazu/esp/modem-demo-fx25/build/spi_flash\libspi_flash.a(spi_flash_rom_patch.o)
                                 0x14 (size before relaxing)
 .literal.esp_rom_spiflash_wait_idle
                0x40080d48        0x8 C:/msys32/home/kazu/esp/modem-demo-fx25/build/spi_flash\libspi_flash.a(spi_flash_rom_patch.o)
                                  0xc (size before relaxing)
 .literal.esp_rom_spiflash_erase_block_internal
                0x40080d50        0x4 C:/msys32/home/kazu/esp/modem-demo-fx25/build/spi_flash\libspi_flash.a(spi_flash_rom_patch.o)
                                 0x18 (size before relaxing)
 .literal.esp_rom_spiflash_erase_sector_internal
                0x40080d54        0x0 C:/msys32/home/kazu/esp/modem-demo-fx25/build/spi_flash\libspi_flash.a(spi_flash_rom_patch.o)
                                 0x18 (size before relaxing)
 .literal.esp_rom_spiflash_read_data
                0x40080d54       0x18 C:/msys32/home/kazu/esp/modem-demo-fx25/build/spi_flash\libspi_flash.a(spi_flash_rom_patch.o)
                                 0x34 (size before relaxing)
 .literal.esp_rom_spiflash_enable_write
                0x40080d6c        0x0 C:/msys32/home/kazu/esp/modem-demo-fx25/build/spi_flash\libspi_flash.a(spi_flash_rom_patch.o)
                                 0x10 (size before relaxing)
 .literal.esp_rom_spiflash_program_page_internal
                0x40080d6c       0x10 C:/msys32/home/kazu/esp/modem-demo-fx25/build/spi_flash\libspi_flash.a(spi_flash_rom_patch.o)
                                 0x40 (size before relaxing)
 .literal.esp_rom_spiflash_read_statushigh
                0x40080d7c        0x4 C:/msys32/home/kazu/esp/modem-demo-fx25/build/spi_flash\libspi_flash.a(spi_flash_rom_patch.o)
                                  0xc (size before relaxing)
 .literal.esp_rom_spiflash_write_status
                0x40080d80        0x4 C:/msys32/home/kazu/esp/modem-demo-fx25/build/spi_flash\libspi_flash.a(spi_flash_rom_patch.o)
                                 0x14 (size before relaxing)
 .literal.esp_rom_spiflash_unlock
                0x40080d84        0x8 C:/msys32/home/kazu/esp/modem-demo-fx25/build/spi_flash\libspi_flash.a(spi_flash_rom_patch.o)
                                 0x28 (size before relaxing)
 .literal.esp_rom_spiflash_erase_block
                0x40080d8c        0xc C:/msys32/home/kazu/esp/modem-demo-fx25/build/spi_flash\libspi_flash.a(spi_flash_rom_patch.o)
                                 0x20 (size before relaxing)
 .literal.esp_rom_spiflash_erase_sector
                0x40080d98        0x0 C:/msys32/home/kazu/esp/modem-demo-fx25/build/spi_flash\libspi_flash.a(spi_flash_rom_patch.o)
                                 0x20 (size before relaxing)
 .literal.esp_rom_spiflash_write
                0x40080d98        0x0 C:/msys32/home/kazu/esp/modem-demo-fx25/build/spi_flash\libspi_flash.a(spi_flash_rom_patch.o)
                                 0x28 (size before relaxing)
 .literal.esp_rom_spiflash_write_encrypted
                0x40080d98        0xc C:/msys32/home/kazu/esp/modem-demo-fx25/build/spi_flash\libspi_flash.a(spi_flash_rom_patch.o)
                                 0x10 (size before relaxing)
 .literal.esp_rom_spiflash_read
                0x40080da4       0x30 C:/msys32/home/kazu/esp/modem-demo-fx25/build/spi_flash\libspi_flash.a(spi_flash_rom_patch.o)
                                 0x5c (size before relaxing)
 .literal       0x40080dd4        0x8 C:/msys32/home/kazu/esp/esp-idf/components/newlib/lib/libm.a(lib_a-s_fpclassify.o)
                                 0x18 (size before relaxing)
 .iram1         0x40080ddc      0x29a C:/msys32/home/kazu/esp/modem-demo-fx25/build/esp32\libesp32.a(cpu_start.o)
                                0x356 (size before relaxing)
                0x40080ddc                start_cpu0_default
                0x40080ddc                start_cpu0
                0x40080ea8                start_cpu1
                0x40080ea8                start_cpu1_default
                0x40080f24                call_start_cpu0
 *fill*         0x40081076        0x2 
 .iram1         0x40081078       0xda C:/msys32/home/kazu/esp/modem-demo-fx25/build/esp32\libesp32.a(dport_panic_highint_hdl.o)
                0x40081078                xt_highint4
                0x40081152                ld_include_panic_highint_hdl
 *fill*         0x40081152        0x2 
 .iram1         0x40081154       0x53 C:/msys32/home/kazu/esp/modem-demo-fx25/build/esp32\libesp32.a(int_wdt.o)
 *fill*         0x400811a7        0x1 
 .iram1         0x400811a8      0x1ed C:/msys32/home/kazu/esp/modem-demo-fx25/build/esp32\libesp32.a(system_api.o)
                                0x22c (size before relaxing)
                0x40081220                esp_restart_noos
                0x40081374                system_restart
                0x40081374                esp_restart
 *fill*         0x40081395        0x3 
 .iram1         0x40081398      0x197 C:/msys32/home/kazu/esp/modem-demo-fx25/build/esp32\libesp32.a(dport_access.o)
                                0x1a3 (size before relaxing)
                0x40081398                esp_dport_access_stall_other_cpu_start
                0x40081448                esp_dport_access_stall_other_cpu_end
                0x400814c4                esp_dport_access_stall_other_cpu_start_wrap
                0x400814cc                esp_dport_access_stall_other_cpu_end_wrap
                0x400814d4                esp_dport_access_int_pause
                0x400814f8                esp_dport_access_int_abort
                0x4008150c                esp_dport_access_int_resume
 *fill*         0x4008152f        0x1 
 .iram1         0x40081530      0x1e5 C:/msys32/home/kazu/esp/modem-demo-fx25/build/esp32\libesp32.a(esp_timer.o)
                                0x1fd (size before relaxing)
                0x4008164c                esp_timer_stop
                0x40081670                esp_timer_get_time
                0x40081680                esp_timer_start_once
                0x400816c4                esp_timer_start_periodic
 *fill*         0x40081715        0x3 
 .iram1         0x40081718      0x2b6 C:/msys32/home/kazu/esp/modem-demo-fx25/build/esp32\libesp32.a(intr_alloc.o)
                                0x2ce (size before relaxing)
                0x40081754                esp_intr_set_in_iram
                0x400817dc                esp_intr_enable
                0x40081864                esp_intr_disable
                0x4008192c                esp_intr_noniram_disable
                0x40081978                esp_intr_noniram_enable
                0x400819b8                ets_isr_unmask
                0x400819c4                ets_isr_mask
 *fill*         0x400819ce        0x2 
 .iram1         0x400819d0       0x7f C:/msys32/home/kazu/esp/modem-demo-fx25/build/esp32\libesp32.a(ipc.o)
                                 0x8b (size before relaxing)
 *fill*         0x40081a4f        0x1 
 .iram1         0x40081a50       0x3a C:/msys32/home/kazu/esp/modem-demo-fx25/build/esp32\libesp32.a(cache_err_int.o)
                                 0x4a (size before relaxing)
                0x40081a50                esp_cache_err_get_cpuid
 *fill*         0x40081a8a        0x2 
 .iram1         0x40081a8c       0x27 C:/msys32/home/kazu/esp/modem-demo-fx25/build/esp32\libesp32.a(freertos_hooks.o)
                0x40081a8c                esp_vApplicationTickHook
 *fill*         0x40081ab3        0x1 
 .iram1         0x40081ab4       0x37 C:/msys32/home/kazu/esp/modem-demo-fx25/build/esp32\libesp32.a(clk.o)
                0x40081ab4                esp_clk_cpu_freq
                0x40081ac4                esp_clk_apb_freq
                0x40081adc                ets_update_cpu_frequency
 *fill*         0x40081aeb        0x1 
 .iram1         0x40081aec      0x567 C:/msys32/home/kazu/esp/modem-demo-fx25/build/esp32\libesp32.a(esp_timer_esp32.o)
                                0x577 (size before relaxing)
                0x40081c10                esp_timer_impl_get_time
                0x40081d80                esp_timer_impl_set_alarm
                0x40081f84                esp_timer_impl_update_apb_freq
                0x40082048                esp_timer_impl_get_min_period_us
 *fill*         0x40082053        0x1 
 .iram1         0x40082054       0xb0 C:/msys32/home/kazu/esp/modem-demo-fx25/build/esp32\libesp32.a(crosscore_int.o)
                                 0xc0 (size before relaxing)
                0x400820ec                esp_crosscore_int_send_yield
                0x400820f8                esp_crosscore_int_send_freq_switch
 .iram1         0x40082104       0x1a C:/msys32/home/kazu/esp/modem-demo-fx25/build/freertos\libfreertos.a(port.o)
                0x40082104                xPortInterruptedFromISRContext
 *fill*         0x4008211e        0x2 
 .iram1         0x40082120      0x4b4 C:/msys32/home/kazu/esp/modem-demo-fx25/build/freertos\libfreertos.a(xtensa_vectors.o)
                0x40082120                _xt_panic
                0x40082238                _xt_user_exit
                0x40082524                _xt_medint2_exit
                0x400825c0                _xt_medint3_exit
 .iram1         0x400825d4      0x3dd C:/msys32/home/kazu/esp/modem-demo-fx25/build/heap\libheap.a(heap_caps.o)
                                0x3f5 (size before relaxing)
                0x40082664                heap_caps_malloc
                0x40082700                heap_caps_malloc_default
                0x40082744                heap_caps_malloc_prefer
                0x4008279c                heap_caps_free
                0x400827d4                heap_caps_realloc
                0x40082880                heap_caps_realloc_default
                0x400828d8                heap_caps_realloc_prefer
                0x4008293c                heap_caps_calloc
                0x4008295c                heap_caps_calloc_prefer
 *fill*         0x400829b1        0x3 
 .iram1         0x400829b4      0x18a C:/msys32/home/kazu/esp/modem-demo-fx25/build/log\liblog.a(log.o)
                                0x19a (size before relaxing)
                0x400829b4                esp_log_write
                0x40082ae4                esp_log_early_timestamp
                0x40082b00                esp_log_timestamp
 *fill*         0x40082b3e        0x2 
 .iram1         0x40082b40       0x14 C:/msys32/home/kazu/esp/modem-demo-fx25/build/main\libmain.a(gpio.o)
                                 0x18 (size before relaxing)
 .iram1         0x40082b54       0x6f C:/msys32/home/kazu/esp/modem-demo-fx25/build/main\libmain.a(mcpwm.o)
                                 0x7b (size before relaxing)
 *fill*         0x40082bc3        0x1 
 .iram1         0x40082bc4      0x1cc C:/msys32/home/kazu/esp/modem-demo-fx25/build/newlib\libnewlib.a(locks.o)
                                0x210 (size before relaxing)
                0x40082cdc                _lock_init
                0x40082cec                _lock_init_recursive
                0x40082cfc                _lock_close
                0x40082d38                _lock_acquire
                0x40082d48                _lock_acquire_recursive
                0x40082d58                _lock_try_acquire
                0x40082d68                _lock_try_acquire_recursive
                0x40082d78                _lock_release
                0x40082d84                _lock_release_recursive
 .iram1         0x40082d90       0x4a C:/msys32/home/kazu/esp/modem-demo-fx25/build/newlib\libnewlib.a(syscalls.o)
                                 0x52 (size before relaxing)
                0x40082d90                _malloc_r
                0x40082d9c                _free_r
                0x40082da8                _realloc_r
                0x40082dbc                _calloc_r
 *fill*         0x40082dda        0x2 
 .iram1         0x40082ddc       0x3c C:/msys32/home/kazu/esp/modem-demo-fx25/build/newlib\libnewlib.a(reent_init.o)
                0x40082ddc                esp_reent_init
 .iram1         0x40082e18       0x6c C:/msys32/home/kazu/esp/modem-demo-fx25/build/newlib\libnewlib.a(time.o)
                                 0x74 (size before relaxing)
                0x40082e18                _gettimeofday_r
                0x40082e5c                _times_r
 .iram1         0x40082e84      0x11a C:/msys32/home/kazu/esp/modem-demo-fx25/build/soc\libsoc.a(cpu_util.o)
                0x40082e84                esp_cpu_stall
                0x40082f18                esp_cpu_unstall
                0x40082f6c                esp_cpu_reset
                0x40082f90                esp_cpu_in_ocd_debug_mode
 *fill*         0x40082f9e        0x2 
 .iram1         0x40082fa0      0x722 C:/msys32/home/kazu/esp/modem-demo-fx25/build/spi_flash\libspi_flash.a(flash_ops.o)
                                0x74a (size before relaxing)
                0x40083010                spi_flash_guard_set
                0x4008301c                spi_flash_guard_get
                0x40083028                spi_flash_get_chip_size
                0x40083034                spi_flash_erase_range
                0x400830ec                spi_flash_erase_sector
                0x40083110                spi_flash_write
                0x400832d8                spi_flash_read
                0x40083570                spi_flash_read_encrypted
                0x400835b8                spi_flash_write_encrypted
 *fill*         0x400836c2        0x2 
 .iram1         0x400836c4      0x334 C:/msys32/home/kazu/esp/modem-demo-fx25/build/spi_flash\libspi_flash.a(cache_utils.o)
                                0x39c (size before relaxing)
                0x40083740                spi_flash_op_block_func
                0x40083818                spi_flash_disable_interrupts_caches_and_other_cpu
                0x400838e4                spi_flash_enable_interrupts_caches_and_other_cpu
                0x4008397c                spi_flash_disable_interrupts_caches_and_other_cpu_no_os
                0x400839a8                spi_flash_enable_interrupts_caches_no_os
                0x400839c4                spi_flash_cache_enabled
 .iram1         0x400839f8      0x480 C:/msys32/home/kazu/esp/modem-demo-fx25/build/spi_flash\libspi_flash.a(flash_mmap.o)
                                0x4b0 (size before relaxing)
                0x40083afc                spi_flash_mmap_pages
                0x40083d18                spi_flash_mmap
                0x40083d84                spi_flash_munmap
                0x40083e30                spi_flash_mark_modified_region
 .iram1         0x40083e78      0x2dc C:/msys32/home/kazu/esp/modem-demo-fx25/build/driver\libdriver.a(rmt.o)
                                0x2f0 (size before relaxing)
 .iram1         0x40084154       0x92 C:/msys32/home/kazu/esp/modem-demo-fx25/build/driver\libdriver.a(gpio.o)
                0x40084154                gpio_intr_service
 *fill*         0x400841e6        0x2 
 .iram1         0x400841e8      0x1e4 C:/msys32/home/kazu/esp/modem-demo-fx25/build/driver\libdriver.a(ledc.o)
                                0x1f0 (size before relaxing)
                0x400842b8                ledc_fade_isr
 *fill*         0x400843cc        0x0 
 *fill*         0x400843cc        0x0 
 *fill*         0x400843cc        0x0 
 *fill*         0x400843cc        0x0 
 *fill*         0x400843cc        0x0 
 *fill*         0x400843cc        0x0 
 *fill*         0x400843cc        0x0 
 *fill*         0x400843cc        0x0 
 *fill*         0x400843cc        0x0 
 *fill*         0x400843cc        0x0 
 *fill*         0x400843cc        0x0 
 *fill*         0x400843cc        0x0 
 .iram1         0x400843cc       0x2e C:/msys32/home/kazu/esp/modem-demo-fx25/build/freertos\libfreertos.a(xtensa_vector_defaults.o)
                0x400843cc                xt_debugexception
                0x400843ec                xt_highint5
                0x400843f4                xt_nmi
                0x400843f4                _xt_nmi
 *fill*         0x400843fa        0x0 
 *fill*         0x400843fa        0x0 
 *fill*         0x400843fa        0x0 
 *fill*         0x400843fa        0x0 
 *fill*         0x400843fa        0x0 
 *fill*         0x400843fa        0x0 
 *fill*         0x400843fa        0x0 
 *fill*         0x400843fa        0x0 
 *libfreertos.a:(.literal .text .literal.* .text.*)
 *fill*         0x400843fa        0x2 
 .text.prvResetNextTaskUnblockTime
                0x400843fc       0x34 C:/msys32/home/kazu/esp/modem-demo-fx25/build/freertos\libfreertos.a(tasks.o)
 .text.prvDeleteTLS
                0x40084430       0x40 C:/msys32/home/kazu/esp/modem-demo-fx25/build/freertos\libfreertos.a(tasks.o)
 .text.prvInitialiseNewTask
                0x40084470       0xc4 C:/msys32/home/kazu/esp/modem-demo-fx25/build/freertos\libfreertos.a(tasks.o)
                                 0xd0 (size before relaxing)
 .text.prvInitialiseTaskLists
                0x40084534       0x5a C:/msys32/home/kazu/esp/modem-demo-fx25/build/freertos\libfreertos.a(tasks.o)
                                 0x6e (size before relaxing)
 *fill*         0x4008458e        0x2 
 .text.prvDeleteTCB
                0x40084590       0x56 C:/msys32/home/kazu/esp/modem-demo-fx25/build/freertos\libfreertos.a(tasks.o)
                                 0x5d (size before relaxing)
 *fill*         0x400845e6        0x2 
 .text.prvAddCurrentTaskToDelayedList
                0x400845e8       0x66 C:/msys32/home/kazu/esp/modem-demo-fx25/build/freertos\libfreertos.a(tasks.o)
                                 0x6a (size before relaxing)
 *fill*         0x4008464e        0x2 
 .text.taskYIELD_OTHER_CORE
                0x40084650       0x53 C:/msys32/home/kazu/esp/modem-demo-fx25/build/freertos\libfreertos.a(tasks.o)
                0x40084650                taskYIELD_OTHER_CORE
 *fill*         0x400846a3        0x1 
 .text.vTaskSuspendAll
                0x400846a4       0x26 C:/msys32/home/kazu/esp/modem-demo-fx25/build/freertos\libfreertos.a(tasks.o)
                0x400846a4                vTaskSuspendAll
 *fill*         0x400846ca        0x2 
 .text.xTaskGetIdleTaskHandleForCPU
                0x400846cc       0x2a C:/msys32/home/kazu/esp/modem-demo-fx25/build/freertos\libfreertos.a(tasks.o)
                                 0x2e (size before relaxing)
                0x400846cc                xTaskGetIdleTaskHandleForCPU
 *fill*         0x400846f6        0x2 
 .text.vTaskSwitchContext
                0x400846f8      0x27e C:/msys32/home/kazu/esp/modem-demo-fx25/build/freertos\libfreertos.a(tasks.o)
                                0x28a (size before relaxing)
                0x400846f8                vTaskSwitchContext
 *fill*         0x40084976        0x2 
 .text.vTaskSetTimeOutState
                0x40084978       0x34 C:/msys32/home/kazu/esp/modem-demo-fx25/build/freertos\libfreertos.a(tasks.o)
                0x40084978                vTaskSetTimeOutState
 .text.xTaskGetCurrentTaskHandle
                0x400849ac       0x1f C:/msys32/home/kazu/esp/modem-demo-fx25/build/freertos\libfreertos.a(tasks.o)
                0x400849ac                xTaskGetCurrentTaskHandle
 *fill*         0x400849cb        0x1 
 .text.__getreent
                0x400849cc       0x19 C:/msys32/home/kazu/esp/modem-demo-fx25/build/freertos\libfreertos.a(tasks.o)
                0x400849cc                __getreent
 *fill*         0x400849e5        0x3 
 .text.pcTaskGetTaskName
                0x400849e8       0x2a C:/msys32/home/kazu/esp/modem-demo-fx25/build/freertos\libfreertos.a(tasks.o)
                                 0x2d (size before relaxing)
                0x400849e8                pcTaskGetTaskName
 *fill*         0x40084a12        0x2 
 .text.xTaskGetAffinity
                0x40084a14       0x10 C:/msys32/home/kazu/esp/modem-demo-fx25/build/freertos\libfreertos.a(tasks.o)
                                 0x13 (size before relaxing)
                0x40084a14                xTaskGetAffinity
 *fill*         0x40084a24        0x0 
 .text.xTaskGetCurrentTaskHandleForCPU
                0x40084a24       0x18 C:/msys32/home/kazu/esp/modem-demo-fx25/build/freertos\libfreertos.a(tasks.o)
                0x40084a24                xTaskGetCurrentTaskHandleForCPU
 .text.xTaskGetSchedulerState
                0x40084a3c       0x37 C:/msys32/home/kazu/esp/modem-demo-fx25/build/freertos\libfreertos.a(tasks.o)
                0x40084a3c                xTaskGetSchedulerState
 *fill*         0x40084a73        0x1 
 .text.vTaskEnterCritical
                0x40084a74       0xac C:/msys32/home/kazu/esp/modem-demo-fx25/build/freertos\libfreertos.a(tasks.o)
                                 0xb3 (size before relaxing)
                0x40084a74                vTaskEnterCritical
 *fill*         0x40084b20        0x0 
 .text.vTaskExitCritical
                0x40084b20       0x83 C:/msys32/home/kazu/esp/modem-demo-fx25/build/freertos\libfreertos.a(tasks.o)
                                 0x8a (size before relaxing)
                0x40084b20                vTaskExitCritical
 *fill*         0x40084ba3        0x1 
 .text.prvAddNewTaskToReadyList
                0x40084ba4      0x15c C:/msys32/home/kazu/esp/modem-demo-fx25/build/freertos\libfreertos.a(tasks.o)
                                0x173 (size before relaxing)
 *fill*         0x40084d00        0x0 
 .text.xTaskCreatePinnedToCore
                0x40084d00       0x6e C:/msys32/home/kazu/esp/modem-demo-fx25/build/freertos\libfreertos.a(tasks.o)
                                 0x76 (size before relaxing)
                0x40084d00                xTaskCreatePinnedToCore
 *fill*         0x40084d6e        0x2 
 .text.vTaskStartScheduler
                0x40084d70       0x67 C:/msys32/home/kazu/esp/modem-demo-fx25/build/freertos\libfreertos.a(tasks.o)
                                 0x72 (size before relaxing)
                0x40084d70                vTaskStartScheduler
 *fill*         0x40084dd7        0x1 
 .text.vTaskDelete
                0x40084dd8      0x10a C:/msys32/home/kazu/esp/modem-demo-fx25/build/freertos\libfreertos.a(tasks.o)
                                0x122 (size before relaxing)
                0x40084dd8                vTaskDelete
 *fill*         0x40084ee2        0x2 
 .text.vTaskDelay
                0x40084ee4       0x70 C:/msys32/home/kazu/esp/modem-demo-fx25/build/freertos\libfreertos.a(tasks.o)
                                 0x80 (size before relaxing)
                0x40084ee4                vTaskDelay
 .text.prvCheckTasksWaitingTermination
                0x40084f54       0xbe C:/msys32/home/kazu/esp/modem-demo-fx25/build/freertos\libfreertos.a(tasks.o)
                                 0xc6 (size before relaxing)
 *fill*         0x40085012        0x2 
 .text.prvIdleTask
                0x40085014        0xc C:/msys32/home/kazu/esp/modem-demo-fx25/build/freertos\libfreertos.a(tasks.o)
                                 0x12 (size before relaxing)
 *fill*         0x40085020        0x0 
 .text.xTaskGetTickCount
                0x40085020       0x1c C:/msys32/home/kazu/esp/modem-demo-fx25/build/freertos\libfreertos.a(tasks.o)
                                 0x20 (size before relaxing)
                0x40085020                xTaskGetTickCount
 .text.xTaskIncrementTick
                0x4008503c      0x1b2 C:/msys32/home/kazu/esp/modem-demo-fx25/build/freertos\libfreertos.a(tasks.o)
                                0x1ce (size before relaxing)
                0x4008503c                xTaskIncrementTick
 *fill*         0x400851ee        0x2 
 .text.xTaskResumeAll
                0x400851f0      0x173 C:/msys32/home/kazu/esp/modem-demo-fx25/build/freertos\libfreertos.a(tasks.o)
                                0x186 (size before relaxing)
                0x400851f0                xTaskResumeAll
 *fill*         0x40085363        0x1 
 .text.vTaskPlaceOnEventList
                0x40085364       0x83 C:/msys32/home/kazu/esp/modem-demo-fx25/build/freertos\libfreertos.a(tasks.o)
                                 0x97 (size before relaxing)
                0x40085364                vTaskPlaceOnEventList
 *fill*         0x400853e7        0x1 
 .text.vTaskPlaceOnEventListRestricted
                0x400853e8       0x5b C:/msys32/home/kazu/esp/modem-demo-fx25/build/freertos\libfreertos.a(tasks.o)
                                 0x6f (size before relaxing)
                0x400853e8                vTaskPlaceOnEventListRestricted
 *fill*         0x40085443        0x1 
 .text.xTaskRemoveFromEventList
                0x40085444      0x134 C:/msys32/home/kazu/esp/modem-demo-fx25/build/freertos\libfreertos.a(tasks.o)
                                0x143 (size before relaxing)
                0x40085444                xTaskRemoveFromEventList
 *fill*         0x40085578        0x0 
 .text.xTaskCheckForTimeOut
                0x40085578       0x8b C:/msys32/home/kazu/esp/modem-demo-fx25/build/freertos\libfreertos.a(tasks.o)
                                 0x96 (size before relaxing)
                0x40085578                xTaskCheckForTimeOut
 *fill*         0x40085603        0x1 
 .text.vTaskPriorityInherit
                0x40085604       0xc4 C:/msys32/home/kazu/esp/modem-demo-fx25/build/freertos\libfreertos.a(tasks.o)
                                 0xdb (size before relaxing)
                0x40085604                vTaskPriorityInherit
 *fill*         0x400856c8        0x0 
 .text.xTaskPriorityDisinherit
                0x400856c8       0x97 C:/msys32/home/kazu/esp/modem-demo-fx25/build/freertos\libfreertos.a(tasks.o)
                                 0xaa (size before relaxing)
                0x400856c8                xTaskPriorityDisinherit
 *fill*         0x4008575f        0x1 
 .text.pvTaskIncrementMutexHeldCount
                0x40085760       0x50 C:/msys32/home/kazu/esp/modem-demo-fx25/build/freertos\libfreertos.a(tasks.o)
                                 0x54 (size before relaxing)
                0x40085760                pvTaskIncrementMutexHeldCount
 .text.pxPortInitialiseStack
                0x400857b0       0x86 C:/msys32/home/kazu/esp/modem-demo-fx25/build/freertos\libfreertos.a(port.o)
                0x400857b0                pxPortInitialiseStack
 *fill*         0x40085836        0x2 
 .text.xPortStartScheduler
                0x40085838       0x22 C:/msys32/home/kazu/esp/modem-demo-fx25/build/freertos\libfreertos.a(port.o)
                                 0x2e (size before relaxing)
                0x40085838                xPortStartScheduler
 *fill*         0x4008585a        0x2 
 .text.xPortSysTickHandler
                0x4008585c       0x10 C:/msys32/home/kazu/esp/modem-demo-fx25/build/freertos\libfreertos.a(port.o)
                                 0x16 (size before relaxing)
                0x4008585c                xPortSysTickHandler
 *fill*         0x4008586c        0x0 
 .text.vPortYieldOtherCore
                0x4008586c        0xa C:/msys32/home/kazu/esp/modem-demo-fx25/build/freertos\libfreertos.a(port.o)
                                  0xe (size before relaxing)
                0x4008586c                vPortYieldOtherCore
 *fill*         0x40085876        0x2 
 .text.vPortReleaseTaskMPUSettings
                0x40085878        0xa C:/msys32/home/kazu/esp/modem-demo-fx25/build/freertos\libfreertos.a(port.o)
                                  0xe (size before relaxing)
                0x40085878                vPortReleaseTaskMPUSettings
 *fill*         0x40085882        0x2 
 .text.xPortInIsrContext
                0x40085884       0x26 C:/msys32/home/kazu/esp/modem-demo-fx25/build/freertos\libfreertos.a(port.o)
                0x40085884                xPortInIsrContext
 *fill*         0x400858aa        0x2 
 .text.vPortCPUInitializeMutex
                0x400858ac        0xe C:/msys32/home/kazu/esp/modem-demo-fx25/build/freertos\libfreertos.a(port.o)
                0x400858ac                vPortCPUInitializeMutex
 *fill*         0x400858ba        0x2 
 .text.vPortCPUAcquireMutex
                0x400858bc       0x81 C:/msys32/home/kazu/esp/modem-demo-fx25/build/freertos\libfreertos.a(port.o)
                                 0x88 (size before relaxing)
                0x400858bc                vPortCPUAcquireMutex
 *fill*         0x4008593d        0x3 
 .text.vPortCPUReleaseMutex
                0x40085940       0x59 C:/msys32/home/kazu/esp/modem-demo-fx25/build/freertos\libfreertos.a(port.o)
                                 0x61 (size before relaxing)
                0x40085940                vPortCPUReleaseMutex
 *fill*         0x40085999        0x3 
 .text._xt_tick_divisor_init
                0x4008599c       0x1c C:/msys32/home/kazu/esp/modem-demo-fx25/build/freertos\libfreertos.a(xtensa_init.o)
                                 0x1f (size before relaxing)
                0x4008599c                _xt_tick_divisor_init
 *fill*         0x400859b8        0x0 
 .text.prvIsQueueFull
                0x400859b8       0x2a C:/msys32/home/kazu/esp/modem-demo-fx25/build/freertos\libfreertos.a(queue.o)
 *fill*         0x400859e2        0x2 
 .text.prvCopyDataToQueue
                0x400859e4       0x9e C:/msys32/home/kazu/esp/modem-demo-fx25/build/freertos\libfreertos.a(queue.o)
 *fill*         0x40085a82        0x2 
 .text.prvNotifyQueueSetContainer
                0x40085a84       0x6a C:/msys32/home/kazu/esp/modem-demo-fx25/build/freertos\libfreertos.a(queue.o)
                                 0x76 (size before relaxing)
 *fill*         0x40085aee        0x2 
 .text.prvCopyDataFromQueue
                0x40085af0       0x24 C:/msys32/home/kazu/esp/modem-demo-fx25/build/freertos\libfreertos.a(queue.o)
 .text.xQueueGenericReset
                0x40085b14       0x86 C:/msys32/home/kazu/esp/modem-demo-fx25/build/freertos\libfreertos.a(queue.o)
                                 0x96 (size before relaxing)
                0x40085b14                xQueueGenericReset
 *fill*         0x40085b9a        0x2 
 .text.prvInitialiseNewQueue
                0x40085b9c       0x1f C:/msys32/home/kazu/esp/modem-demo-fx25/build/freertos\libfreertos.a(queue.o)
                                 0x23 (size before relaxing)
 *fill*         0x40085bbb        0x1 
 .text.xQueueGenericCreate
                0x40085bbc       0x49 C:/msys32/home/kazu/esp/modem-demo-fx25/build/freertos\libfreertos.a(queue.o)
                                 0x4d (size before relaxing)
                0x40085bbc                xQueueGenericCreate
 *fill*         0x40085c05        0x3 
 .text.xQueueGetMutexHolder
                0x40085c08       0x23 C:/msys32/home/kazu/esp/modem-demo-fx25/build/freertos\libfreertos.a(queue.o)
                0x40085c08                xQueueGetMutexHolder
 *fill*         0x40085c2b        0x1 
 .text.xQueueCreateCountingSemaphore
                0x40085c2c       0x66 C:/msys32/home/kazu/esp/modem-demo-fx25/build/freertos\libfreertos.a(queue.o)
                                 0x6a (size before relaxing)
                0x40085c2c                xQueueCreateCountingSemaphore
 *fill*         0x40085c92        0x2 
 .text.xQueueGenericSend
                0x40085c94      0x158 C:/msys32/home/kazu/esp/modem-demo-fx25/build/freertos\libfreertos.a(queue.o)
                                0x18c (size before relaxing)
                0x40085c94                xQueueGenericSend
 .text.prvInitialiseMutex
                0x40085dec       0x22 C:/msys32/home/kazu/esp/modem-demo-fx25/build/freertos\libfreertos.a(queue.o)
                                 0x26 (size before relaxing)
 *fill*         0x40085e0e        0x2 
 .text.xQueueCreateMutex
                0x40085e10       0x16 C:/msys32/home/kazu/esp/modem-demo-fx25/build/freertos\libfreertos.a(queue.o)
                                 0x1a (size before relaxing)
                0x40085e10                xQueueCreateMutex
 *fill*         0x40085e26        0x2 
 .text.xQueueGiveMutexRecursive
                0x40085e28       0x48 C:/msys32/home/kazu/esp/modem-demo-fx25/build/freertos\libfreertos.a(queue.o)
                                 0x4c (size before relaxing)
                0x40085e28                xQueueGiveMutexRecursive
 .text.xQueueGenericSendFromISR
                0x40085e70       0xd6 C:/msys32/home/kazu/esp/modem-demo-fx25/build/freertos\libfreertos.a(queue.o)
                                 0xe6 (size before relaxing)
                0x40085e70                xQueueGenericSendFromISR
 *fill*         0x40085f46        0x2 
 .text.xQueueGiveFromISR
                0x40085f48       0xb6 C:/msys32/home/kazu/esp/modem-demo-fx25/build/freertos\libfreertos.a(queue.o)
                                 0xc2 (size before relaxing)
                0x40085f48                xQueueGiveFromISR
 *fill*         0x40085ffe        0x2 
 .text.xQueueGenericReceive
                0x40086000      0x144 C:/msys32/home/kazu/esp/modem-demo-fx25/build/freertos\libfreertos.a(queue.o)
                                0x178 (size before relaxing)
                0x40086000                xQueueGenericReceive
 .text.xQueueTakeMutexRecursive
                0x40086144       0x51 C:/msys32/home/kazu/esp/modem-demo-fx25/build/freertos\libfreertos.a(queue.o)
                0x40086144                xQueueTakeMutexRecursive
 *fill*         0x40086195        0x3 
 .text.xQueueReceiveFromISR
                0x40086198       0x96 C:/msys32/home/kazu/esp/modem-demo-fx25/build/freertos\libfreertos.a(queue.o)
                                 0xa6 (size before relaxing)
                0x40086198                xQueueReceiveFromISR
 *fill*         0x4008622e        0x2 
 .text.vQueueDelete
                0x40086230       0x28 C:/msys32/home/kazu/esp/modem-demo-fx25/build/freertos\libfreertos.a(queue.o)
                0x40086230                vQueueDelete
 .text.vQueueWaitForMessageRestricted
                0x40086258       0x23 C:/msys32/home/kazu/esp/modem-demo-fx25/build/freertos\libfreertos.a(queue.o)
                                 0x2a (size before relaxing)
                0x40086258                vQueueWaitForMessageRestricted
 *fill*         0x4008627b        0x1 
 .text.xt_unhandled_interrupt
                0x4008627c       0x16 C:/msys32/home/kazu/esp/modem-demo-fx25/build/freertos\libfreertos.a(xtensa_intr.o)
                0x4008627c                xt_unhandled_interrupt
 *fill*         0x40086292        0x2 
 .text.xt_set_interrupt_handler
                0x40086294       0x46 C:/msys32/home/kazu/esp/modem-demo-fx25/build/freertos\libfreertos.a(xtensa_intr.o)
                0x40086294                xt_set_interrupt_handler
 *fill*         0x400862da        0x2 
 .text          0x400862dc      0x1d0 C:/msys32/home/kazu/esp/modem-demo-fx25/build/freertos\libfreertos.a(portasm.o)
                0x400862dc                _frxt_setup_switch
                0x400862f4                _frxt_int_enter
                0x4008633c                _frxt_int_exit
                0x4008638c                _frxt_timer_int
                0x400863b4                _frxt_tick_timer_init
                0x400863cc                _frxt_dispatch
                0x40086414                vPortYield
                0x40086460                vPortYieldFromInt
                0x40086480                _frxt_task_coproc_state
 .text          0x400864ac      0x12b C:/msys32/home/kazu/esp/modem-demo-fx25/build/freertos\libfreertos.a(xtensa_context.o)
                0x400864ac                _xt_context_save
                0x40086514                _xt_context_restore
                0x40086558                _xt_coproc_init
                0x4008656c                _xt_coproc_release
                0x40086598                _xt_coproc_savecs
                0x400865b8                _xt_coproc_restorecs
 *fill*         0x400865d7        0x1 
 .text.prvGetNextExpireTime
                0x400865d8       0x20 C:/msys32/home/kazu/esp/modem-demo-fx25/build/freertos\libfreertos.a(timers.o)
 .text.prvInsertTimerInActiveList
                0x400865f8       0x50 C:/msys32/home/kazu/esp/modem-demo-fx25/build/freertos\libfreertos.a(timers.o)
                                 0x54 (size before relaxing)
 .text.prvCheckForValidListAndQueue
                0x40086648       0x66 C:/msys32/home/kazu/esp/modem-demo-fx25/build/freertos\libfreertos.a(timers.o)
                                 0x7e (size before relaxing)
 *fill*         0x400866ae        0x2 
 .text.xTimerCreateTimerTask
                0x400866b0       0x48 C:/msys32/home/kazu/esp/modem-demo-fx25/build/freertos\libfreertos.a(timers.o)
                                 0x4c (size before relaxing)
                0x400866b0                xTimerCreateTimerTask
 .text.xTimerGenericCommand
                0x400866f8       0x55 C:/msys32/home/kazu/esp/modem-demo-fx25/build/freertos\libfreertos.a(timers.o)
                                 0x5d (size before relaxing)
                0x400866f8                xTimerGenericCommand
 *fill*         0x4008674d        0x3 
 .text.prvSwitchTimerLists
                0x40086750       0x76 C:/msys32/home/kazu/esp/modem-demo-fx25/build/freertos\libfreertos.a(timers.o)
                                 0x82 (size before relaxing)
 *fill*         0x400867c6        0x2 
 .text.prvSampleTimeNow
                0x400867c8       0x2b C:/msys32/home/kazu/esp/modem-demo-fx25/build/freertos\libfreertos.a(timers.o)
                                 0x2f (size before relaxing)
 *fill*         0x400867f3        0x1 
 .text.prvProcessExpiredTimer
                0x400867f4       0x53 C:/msys32/home/kazu/esp/modem-demo-fx25/build/freertos\libfreertos.a(timers.o)
                                 0x5f (size before relaxing)
 *fill*         0x40086847        0x1 
 .text.prvProcessTimerOrBlockTask
                0x40086848       0x58 C:/msys32/home/kazu/esp/modem-demo-fx25/build/freertos\libfreertos.a(timers.o)
                                 0x6c (size before relaxing)
 .text.prvProcessReceivedCommands
                0x400868a0       0xd6 C:/msys32/home/kazu/esp/modem-demo-fx25/build/freertos\libfreertos.a(timers.o)
                                 0xe6 (size before relaxing)
 *fill*         0x40086976        0x2 
 .text.prvTimerTask
                0x40086978       0x15 C:/msys32/home/kazu/esp/modem-demo-fx25/build/freertos\libfreertos.a(timers.o)
                                 0x1d (size before relaxing)
 *fill*         0x4008698d        0x3 
 .text.returnItemToRingbufBytebuf
                0x40086990       0x41 C:/msys32/home/kazu/esp/modem-demo-fx25/build/freertos\libfreertos.a(ringbuf.o)
                                 0x45 (size before relaxing)
 *fill*         0x400869d1        0x3 
 .text.returnItemToRingbufDefault
                0x400869d4      0x126 C:/msys32/home/kazu/esp/modem-demo-fx25/build/freertos\libfreertos.a(ringbuf.o)
                                0x136 (size before relaxing)
 *fill*         0x40086afa        0x2 
 .text.getItemFromRingbufDefault
                0x40086afc       0xa1 C:/msys32/home/kazu/esp/modem-demo-fx25/build/freertos\libfreertos.a(ringbuf.o)
                                 0xa5 (size before relaxing)
 *fill*         0x40086b9d        0x3 
 .text.copyItemToRingbufNoSplit
                0x40086ba0       0xac C:/msys32/home/kazu/esp/modem-demo-fx25/build/freertos\libfreertos.a(ringbuf.o)
                                 0xb0 (size before relaxing)
 .text.copyItemToRingbufByteBuf
                0x40086c4c       0x46 C:/msys32/home/kazu/esp/modem-demo-fx25/build/freertos\libfreertos.a(ringbuf.o)
 *fill*         0x40086c92        0x2 
 .text.copyItemToRingbufAllowSplit
                0x40086c94      0x118 C:/msys32/home/kazu/esp/modem-demo-fx25/build/freertos\libfreertos.a(ringbuf.o)
                                0x124 (size before relaxing)
 .text.xRingbufferCreate
                0x40086dac      0x109 C:/msys32/home/kazu/esp/modem-demo-fx25/build/freertos\libfreertos.a(ringbuf.o)
                                0x118 (size before relaxing)
                0x40086dac                xRingbufferCreate
 *fill*         0x40086eb5        0x3 
 .text.xRingbufferSendFromISR
                0x40086eb8       0x5a C:/msys32/home/kazu/esp/modem-demo-fx25/build/freertos\libfreertos.a(ringbuf.o)
                                 0x62 (size before relaxing)
                0x40086eb8                xRingbufferSendFromISR
 *fill*         0x40086f12        0x0 
 *fill*         0x40086f12        0x0 
 *fill*         0x40086f12        0x0 
 *fill*         0x40086f12        0x0 
 *fill*         0x40086f12        0x0 
 *fill*         0x40086f12        0x0 
 *fill*         0x40086f12        0x0 
 *fill*         0x40086f12        0x0 
 *fill*         0x40086f12        0x0 
 *fill*         0x40086f12        0x0 
 *fill*         0x40086f12        0x0 
 *fill*         0x40086f12        0x0 
 *fill*         0x40086f12        0x0 
 *fill*         0x40086f12        0x0 
 *fill*         0x40086f12        0x0 
 *fill*         0x40086f12        0x0 
 *fill*         0x40086f12        0x0 
 *fill*         0x40086f12        0x0 
 *fill*         0x40086f12        0x0 
 *fill*         0x40086f12        0x0 
 *fill*         0x40086f12        0x0 
 *fill*         0x40086f12        0x0 
 *fill*         0x40086f12        0x0 
 *fill*         0x40086f12        0x0 
 *fill*         0x40086f12        0x0 
 *fill*         0x40086f12        0x0 
 *fill*         0x40086f12        0x0 
 *fill*         0x40086f12        0x0 
 *fill*         0x40086f12        0x0 
 *fill*         0x40086f12        0x0 
 *fill*         0x40086f12        0x0 
 *fill*         0x40086f12        0x2 
 .text.vPortStoreTaskMPUSettings
                0x40086f14       0x13 C:/msys32/home/kazu/esp/modem-demo-fx25/build/freertos\libfreertos.a(port.o)
                0x40086f14                vPortStoreTaskMPUSettings
 *fill*         0x40086f27        0x0 
 *fill*         0x40086f27        0x0 
 *fill*         0x40086f27        0x0 
 *fill*         0x40086f27        0x0 
 *fill*         0x40086f27        0x0 
 *fill*         0x40086f27        0x1 
 .text.vListInitialise
                0x40086f28       0x15 C:/msys32/home/kazu/esp/modem-demo-fx25/build/freertos\libfreertos.a(list.o)
                0x40086f28                vListInitialise
 *fill*         0x40086f3d        0x3 
 .text.vListInitialiseItem
                0x40086f40        0x9 C:/msys32/home/kazu/esp/modem-demo-fx25/build/freertos\libfreertos.a(list.o)
                0x40086f40                vListInitialiseItem
 *fill*         0x40086f49        0x3 
 .text.vListInsertEnd
                0x40086f4c       0x1b C:/msys32/home/kazu/esp/modem-demo-fx25/build/freertos\libfreertos.a(list.o)
                0x40086f4c                vListInsertEnd
 *fill*         0x40086f67        0x1 
 .text.vListInsert
                0x40086f68       0x2f C:/msys32/home/kazu/esp/modem-demo-fx25/build/freertos\libfreertos.a(list.o)
                0x40086f68                vListInsert
 *fill*         0x40086f97        0x1 
 .text.uxListRemove
                0x40086f98       0x26 C:/msys32/home/kazu/esp/modem-demo-fx25/build/freertos\libfreertos.a(list.o)
                0x40086f98                uxListRemove
 *fill*         0x40086fbe        0x2 
 .text.prvIsQueueEmpty
                0x40086fc0       0x12 C:/msys32/home/kazu/esp/modem-demo-fx25/build/freertos\libfreertos.a(queue.o)
 *fill*         0x40086fd2        0x0 
 *fill*         0x40086fd2        0x0 
 *fill*         0x40086fd2        0x0 
 *fill*         0x40086fd2        0x0 
 *fill*         0x40086fd2        0x0 
 *fill*         0x40086fd2        0x0 
 *fill*         0x40086fd2        0x0 
 *fill*         0x40086fd2        0x0 
 *fill*         0x40086fd2        0x0 
 *fill*         0x40086fd2        0x0 
 *fill*         0x40086fd2        0x0 
 *fill*         0x40086fd2        0x0 
 *fill*         0x40086fd2        0x0 
 *fill*         0x40086fd2        0x0 
 *fill*         0x40086fd2        0x0 
 *fill*         0x40086fd2        0x0 
 *fill*         0x40086fd2        0x0 
 *fill*         0x40086fd2        0x0 
 *fill*         0x40086fd2        0x2 
 .text          0x40086fd4       0x33 C:/msys32/home/kazu/esp/modem-demo-fx25/build/freertos\libfreertos.a(xtensa_intr_asm.o)
                0x40086fd4                xt_ints_on
                0x40086fec                xt_ints_off
 *fill*         0x40087007        0x0 
 *fill*         0x40087007        0x0 
 *fill*         0x40087007        0x0 
 *fill*         0x40087007        0x0 
 *fill*         0x40087007        0x0 
 *fill*         0x40087007        0x0 
 *fill*         0x40087007        0x0 
 *fill*         0x40087007        0x1 
 .text.ringbufferFreeMem
                0x40087008       0x15 C:/msys32/home/kazu/esp/modem-demo-fx25/build/freertos\libfreertos.a(ringbuf.o)
 *fill*         0x4008701d        0x3 
 .text.getItemFromRingbufByteBuf
                0x40087020       0x56 C:/msys32/home/kazu/esp/modem-demo-fx25/build/freertos\libfreertos.a(ringbuf.o)
 *fill*         0x40087076        0x2 
 .text.getCurFreeSizeByteBuf
                0x40087078       0x15 C:/msys32/home/kazu/esp/modem-demo-fx25/build/freertos\libfreertos.a(ringbuf.o)
 *fill*         0x4008708d        0x3 
 .text.getCurFreeSizeAllowSplit
                0x40087090       0x30 C:/msys32/home/kazu/esp/modem-demo-fx25/build/freertos\libfreertos.a(ringbuf.o)
 .text.getCurFreeSizeNoSplit
                0x400870c0       0x24 C:/msys32/home/kazu/esp/modem-demo-fx25/build/freertos\libfreertos.a(ringbuf.o)
 *fill*         0x400870e4        0x0 
 *fill*         0x400870e4        0x0 
 *fill*         0x400870e4        0x0 
 *fill*         0x400870e4        0x0 
 *libheap.a:multi_heap.o(.literal .text .literal.* .text.*)
 .text.get_prev_free_block
                0x400870e4       0x68 C:/msys32/home/kazu/esp/modem-demo-fx25/build/heap\libheap.a(multi_heap.o)
                                 0x77 (size before relaxing)
 *fill*         0x4008714c        0x0 
 .text.split_if_necessary
                0x4008714c       0xd6 C:/msys32/home/kazu/esp/modem-demo-fx25/build/heap\libheap.a(multi_heap.o)
                                 0xe2 (size before relaxing)
 *fill*         0x40087222        0x2 
 .text.assert_valid_block
                0x40087224       0xac C:/msys32/home/kazu/esp/modem-demo-fx25/build/heap\libheap.a(multi_heap.o)
                                 0xb4 (size before relaxing)
 .text.merge_adjacent
                0x400872d0      0x12c C:/msys32/home/kazu/esp/modem-demo-fx25/build/heap\libheap.a(multi_heap.o)
                                0x140 (size before relaxing)
 .text.multi_heap_get_allocated_size_impl
                0x400873fc       0x38 C:/msys32/home/kazu/esp/modem-demo-fx25/build/heap\libheap.a(multi_heap.o)
                                 0x3c (size before relaxing)
                0x400873fc                multi_heap_get_allocated_size_impl
                0x400873fc                multi_heap_get_allocated_size
 .text.multi_heap_malloc_impl
                0x40087434      0x110 C:/msys32/home/kazu/esp/modem-demo-fx25/build/heap\libheap.a(multi_heap.o)
                                0x120 (size before relaxing)
                0x40087434                multi_heap_malloc_impl
                0x40087434                multi_heap_malloc
 .text.multi_heap_free_impl
                0x40087544      0x130 C:/msys32/home/kazu/esp/modem-demo-fx25/build/heap\libheap.a(multi_heap.o)
                                0x14c (size before relaxing)
                0x40087544                multi_heap_free_impl
                0x40087544                multi_heap_free
 .text.multi_heap_realloc_impl
                0x40087674      0x258 C:/msys32/home/kazu/esp/modem-demo-fx25/build/heap\libheap.a(multi_heap.o)
                                0x274 (size before relaxing)
                0x40087674                multi_heap_realloc_impl
                0x40087674                multi_heap_realloc
 *fill*         0x400878cc        0x0 
 *fill*         0x400878cc        0x0 
 *fill*         0x400878cc        0x0 
 .text.multi_heap_register_impl
                0x400878cc       0x51 C:/msys32/home/kazu/esp/modem-demo-fx25/build/heap\libheap.a(multi_heap.o)
                0x400878cc                multi_heap_register
                0x400878cc                multi_heap_register_impl
 *fill*         0x4008791d        0x3 
 .text.multi_heap_set_lock
                0x40087920        0x7 C:/msys32/home/kazu/esp/modem-demo-fx25/build/heap\libheap.a(multi_heap.o)
                0x40087920                multi_heap_set_lock
 *fill*         0x40087927        0x0 
 *libheap.a:multi_heap_poisoning.o(.literal .text .literal.* .text.*)
 *libesp32.a:panic.o(.literal .text .literal.* .text.*)
 *fill*         0x40087927        0x1 
 .text.panicPutChar
                0x40087928       0x1e C:/msys32/home/kazu/esp/modem-demo-fx25/build/esp32\libesp32.a(panic.o)
 *fill*         0x40087946        0x2 
 .text.panicPutStr
                0x40087948       0x1a C:/msys32/home/kazu/esp/modem-demo-fx25/build/esp32\libesp32.a(panic.o)
 *fill*         0x40087962        0x2 
 .text.panicPutHex
                0x40087964       0x2c C:/msys32/home/kazu/esp/modem-demo-fx25/build/esp32\libesp32.a(panic.o)
                                 0x2f (size before relaxing)
 *fill*         0x40087990        0x0 
 .text.panicPutDec
                0x40087990       0x3c C:/msys32/home/kazu/esp/modem-demo-fx25/build/esp32\libesp32.a(panic.o)
                                 0x46 (size before relaxing)
 *fill*         0x400879cc        0x0 
 .text.reconfigureAllWdts
                0x400879cc       0xa8 C:/msys32/home/kazu/esp/modem-demo-fx25/build/esp32\libesp32.a(panic.o)
 .text.putEntry
                0x40087a74       0x2b C:/msys32/home/kazu/esp/modem-demo-fx25/build/esp32\libesp32.a(panic.o)
                                 0x37 (size before relaxing)
 *fill*         0x40087a9f        0x1 
 .text.doBacktrace
                0x40087aa0       0x71 C:/msys32/home/kazu/esp/modem-demo-fx25/build/esp32\libesp32.a(panic.o)
                                 0x78 (size before relaxing)
 *fill*         0x40087b11        0x3 
 .text.invoke_abort
                0x40087b14       0x1d C:/msys32/home/kazu/esp/modem-demo-fx25/build/esp32\libesp32.a(panic.o)